Archive member included because of file (symbol)

/opt/CodeSourcery/Sourcery_CodeBench_Lite_for_ARM_EABI/bin/../lib/gcc/arm-none-eabi/4.7.2/thumb2/libgcc.a(_arm_addsubdf3.o)
                              ./src/project_src/main.o (__aeabi_dsub)
/opt/CodeSourcery/Sourcery_CodeBench_Lite_for_ARM_EABI/bin/../lib/gcc/arm-none-eabi/4.7.2/thumb2/libgcc.a(_arm_fixdfsi.o)
                              ./src/project_src/filter_Lib.o (__aeabi_d2iz)
/opt/CodeSourcery/Sourcery_CodeBench_Lite_for_ARM_EABI/bin/../lib/gcc/arm-none-eabi/4.7.2/thumb2/libgcc.a(_arm_truncdfsf2.o)
                              ./src/project_src/main.o (__aeabi_d2f)
/opt/CodeSourcery/Sourcery_CodeBench_Lite_for_ARM_EABI/bin/../lib/gcc/arm-none-eabi/4.7.2/thumb2/libgcc.a(_arm_addsubsf3.o)
                              ./src/project_src/IMU_algorithm.o (__aeabi_fsub)
/opt/CodeSourcery/Sourcery_CodeBench_Lite_for_ARM_EABI/bin/../lib/gcc/arm-none-eabi/4.7.2/thumb2/libgcc.a(_arm_muldivsf3.o)
                              ./src/project_src/IMU_algorithm.o (__aeabi_fmul)
/opt/CodeSourcery/Sourcery_CodeBench_Lite_for_ARM_EABI/bin/../lib/gcc/arm-none-eabi/4.7.2/thumb2/libgcc.a(_arm_cmpsf2.o)
                              ./src/project_src/IMU_algorithm.o (__aeabi_fcmpeq)
/opt/CodeSourcery/Sourcery_CodeBench_Lite_for_ARM_EABI/bin/../lib/gcc/arm-none-eabi/4.7.2/thumb2/libgcc.a(_arm_fixsfsi.o)
                              ./src/project_src/LSM303DLHC_Lib_I2C.o (__aeabi_f2iz)
/opt/CodeSourcery/Sourcery_CodeBench_Lite_for_ARM_EABI/bin/../lib/gcc/arm-none-eabi/4.7.2/thumb2/libgcc.a(_arm_fixunssfsi.o)
                              ./src/project_src/main.o (__aeabi_f2uiz)
/opt/CodeSourcery/Sourcery_CodeBench_Lite_for_ARM_EABI/bin/../lib/gcc/arm-none-eabi/4.7.2/../../../../arm-none-eabi/lib/thumb2/libc.a(lib_a-memcmp.o)
                              ./src/FreeRTOS/Source/tasks.o (memcmp)
/opt/CodeSourcery/Sourcery_CodeBench_Lite_for_ARM_EABI/bin/../lib/gcc/arm-none-eabi/4.7.2/../../../../arm-none-eabi/lib/thumb2/libc.a(lib_a-memcpy.o)
                              ./src/FreeRTOS/Source/queue.o (memcpy)
/opt/CodeSourcery/Sourcery_CodeBench_Lite_for_ARM_EABI/bin/../lib/gcc/arm-none-eabi/4.7.2/../../../../arm-none-eabi/lib/thumb2/libc.a(lib_a-memset.o)
                              ./src/project_src/main.o (memset)
/opt/CodeSourcery/Sourcery_CodeBench_Lite_for_ARM_EABI/bin/../lib/gcc/arm-none-eabi/4.7.2/../../../../arm-none-eabi/lib/thumb2/libc.a(lib_a-strncpy.o)
                              ./src/FreeRTOS/Source/tasks.o (strncpy)
/opt/CodeSourcery/Sourcery_CodeBench_Lite_for_ARM_EABI/bin/../lib/gcc/arm-none-eabi/4.7.2/../../../../arm-none-eabi/lib/thumb2/libm.a(lib_a-sf_cos.o)
                              ./src/project_src/IMU_algorithm.o (cosf)
/opt/CodeSourcery/Sourcery_CodeBench_Lite_for_ARM_EABI/bin/../lib/gcc/arm-none-eabi/4.7.2/../../../../arm-none-eabi/lib/thumb2/libm.a(lib_a-sf_sin.o)
                              ./src/project_src/IMU_algorithm.o (sinf)
/opt/CodeSourcery/Sourcery_CodeBench_Lite_for_ARM_EABI/bin/../lib/gcc/arm-none-eabi/4.7.2/../../../../arm-none-eabi/lib/thumb2/libm.a(lib_a-w_atan2.o)
                              ./src/project_src/main.o (atan2)
/opt/CodeSourcery/Sourcery_CodeBench_Lite_for_ARM_EABI/bin/../lib/gcc/arm-none-eabi/4.7.2/../../../../arm-none-eabi/lib/thumb2/libm.a(lib_a-w_sqrt.o)
                              ./src/project_src/filter_Lib.o (sqrt)
/opt/CodeSourcery/Sourcery_CodeBench_Lite_for_ARM_EABI/bin/../lib/gcc/arm-none-eabi/4.7.2/../../../../arm-none-eabi/lib/thumb2/libm.a(lib_a-wf_asin.o)
                              ./src/project_src/IMU_algorithm.o (asinf)
/opt/CodeSourcery/Sourcery_CodeBench_Lite_for_ARM_EABI/bin/../lib/gcc/arm-none-eabi/4.7.2/../../../../arm-none-eabi/lib/thumb2/libm.a(lib_a-wf_atan2.o)
                              ./src/project_src/IMU_algorithm.o (atan2f)
/opt/CodeSourcery/Sourcery_CodeBench_Lite_for_ARM_EABI/bin/../lib/gcc/arm-none-eabi/4.7.2/../../../../arm-none-eabi/lib/thumb2/libm.a(lib_a-wf_sqrt.o)
                              ./src/project_src/IMU_algorithm.o (sqrtf)
/opt/CodeSourcery/Sourcery_CodeBench_Lite_for_ARM_EABI/bin/../lib/gcc/arm-none-eabi/4.7.2/../../../../arm-none-eabi/lib/thumb2/libm.a(lib_a-e_atan2.o)
                              /opt/CodeSourcery/Sourcery_CodeBench_Lite_for_ARM_EABI/bin/../lib/gcc/arm-none-eabi/4.7.2/../../../../arm-none-eabi/lib/thumb2/libm.a(lib_a-w_atan2.o) (__ieee754_atan2)
/opt/CodeSourcery/Sourcery_CodeBench_Lite_for_ARM_EABI/bin/../lib/gcc/arm-none-eabi/4.7.2/../../../../arm-none-eabi/lib/thumb2/libm.a(lib_a-e_sqrt.o)
                              /opt/CodeSourcery/Sourcery_CodeBench_Lite_for_ARM_EABI/bin/../lib/gcc/arm-none-eabi/4.7.2/../../../../arm-none-eabi/lib/thumb2/libm.a(lib_a-w_sqrt.o) (__ieee754_sqrt)
/opt/CodeSourcery/Sourcery_CodeBench_Lite_for_ARM_EABI/bin/../lib/gcc/arm-none-eabi/4.7.2/../../../../arm-none-eabi/lib/thumb2/libm.a(lib_a-ef_asin.o)
[...]
Memory Configuration

Name             Origin             Length             Attributes
FLASH            0x08000000         0x00040000         xr
RAM              0x20000000         0x0000a000         xrw
MEMORY_B1        0x60000000         0x00000000         xr
CCMRAM           0x10000000         0x00002000         rw
*default*        0x00000000         0xffffffff

Linker script and memory map

LOAD ./src/project_src/ADXL345_Lib.o
LOAD ./src/project_src/HMC5883L_Lib.o
LOAD ./src/project_src/IMU_algorithm.o
LOAD ./src/project_src/L3GD20_Lib_SPI.o
LOAD ./src/project_src/LSM303DLHC_Lib_I2C.o
LOAD ./src/project_src/MotorPWM.o
LOAD ./src/project_src/PID_control.o
LOAD ./src/project_src/Vector_math.o
LOAD ./src/project_src/filter_Lib.o
LOAD ./src/project_src/helperFunctions.o
LOAD ./src/project_src/main.o
LOAD ./src/project_src/multicopter_settings.o
LOAD ./src/project_src/printf_stdarg.o
LOAD ./src/project_src/remote_control.o
LOAD ./src/project_src/stm32_configuration.o
LOAD ./src/project_src/stm32f30x_it.o
LOAD ./src/project_src/usart.o
LOAD ./src/project_src/xBee_Lib.o
LOAD ./src/STM32F30x_StdPeriph_Driver/src/stm32f30x_adc.o
LOAD ./src/STM32F30x_StdPeriph_Driver/src/stm32f30x_can.o
LOAD ./src/STM32F30x_StdPeriph_Driver/src/stm32f30x_comp.o
LOAD ./src/STM32F30x_StdPeriph_Driver/src/stm32f30x_crc.o
LOAD ./src/STM32F30x_StdPeriph_Driver/src/stm32f30x_dac.o
LOAD ./src/STM32F30x_StdPeriph_Driver/src/stm32f30x_dbgmcu.o
LOAD ./src/STM32F30x_StdPeriph_Driver/src/stm32f30x_dma.o
LOAD ./src/STM32F30x_StdPeriph_Driver/src/stm32f30x_exti.o
LOAD ./src/STM32F30x_StdPeriph_Driver/src/stm32f30x_flash.o
LOAD ./src/STM32F30x_StdPeriph_Driver/src/stm32f30x_gpio.o
LOAD ./src/STM32F30x_StdPeriph_Driver/src/stm32f30x_i2c.o
LOAD ./src/STM32F30x_StdPeriph_Driver/src/stm32f30x_iwdg.o
LOAD ./src/STM32F30x_StdPeriph_Driver/src/stm32f30x_misc.o
LOAD ./src/STM32F30x_StdPeriph_Driver/src/stm32f30x_opamp.o
LOAD ./src/STM32F30x_StdPeriph_Driver/src/stm32f30x_pwr.o
LOAD ./src/STM32F30x_StdPeriph_Driver/src/stm32f30x_rcc.o
LOAD ./src/STM32F30x_StdPeriph_Driver/src/stm32f30x_rtc.o
LOAD ./src/STM32F30x_StdPeriph_Driver/src/stm32f30x_spi.o
LOAD ./src/STM32F30x_StdPeriph_Driver/src/stm32f30x_syscfg.o
LOAD ./src/STM32F30x_StdPeriph_Driver/src/stm32f30x_tim.o
LOAD ./src/STM32F30x_StdPeriph_Driver/src/stm32f30x_usart.o
LOAD ./src/STM32F30x_StdPeriph_Driver/src/stm32f30x_wwdg.o
LOAD ./src/FreeRTOS/Source/portable/MemMang/heap_1.o
LOAD ./src/FreeRTOS/Source/portable/GCC/ARM_CM4F/port.o
LOAD ./src/FreeRTOS/Source/croutine.o
LOAD ./src/FreeRTOS/Source/list.o
LOAD ./src/FreeRTOS/Source/queue.o
LOAD ./src/FreeRTOS/Source/tasks.o
LOAD ./src/FreeRTOS/Source/timers.o
LOAD ./src/CMSIS/Device/ST/STM32F30x/Source/Templates/gcc_ride7/startup_stm32f30x.o
LOAD ./src/CMSIS/Device/ST/STM32F30x/Source/Templates/system_stm32f30x.o
START GROUP
LOAD /opt/CodeSourcery/Sourcery_CodeBench_Lite_for_ARM_EABI/bin/../lib/gcc/arm-none-eabi/4.7.2/thumb2/libgcc.a
LOAD /opt/CodeSourcery/Sourcery_CodeBench_Lite_for_ARM_EABI/bin/../lib/gcc/arm-none-eabi/4.7.2/../../../../arm-none-eabi/lib/thumb2/libc.a
END GROUP
                0x2000a000                _estack = 0x2000a000
                0x00000000                _Min_Heap_Size = 0x0
                0x00000200                _Min_Stack_Size = 0x200

.isr_vector     0x08000000      0x188
                0x08000000                . = ALIGN (0x4)
 *(.isr_vector)
 .isr_vector    0x08000000      0x188 ./src/CMSIS/Device/ST/STM32F30x/Source/Templates/gcc_ride7/startup_stm32f30x.o
                0x08000000                g_pfnVectors
                0x08000188                . = ALIGN (0x4)

.text           0x08000188     0xabb8
                0x08000188                . = ALIGN (0x4)
 *(.text)
 .text          0x08000188      0x518 ./src/project_src/IMU_algorithm.o
                0x08000188                IMU_init
                0x080001aa                IMU_init_drift_correction
                0x080001d0                IMU_update
                0x08000262                IMU_normalize
                0x08000364                IMU_ortho_adjust
                0x080003be                IMU_drift_correction_ACC
                0x0800048a                IMU_drift_correction_MAG
                0x08000522                IMU_DCM_to_Euler_deg
                0x08000560                IMU_Euler_to_DCM
                0x08000662                IMU_DCM_to_XYZ
 .text          0x080006a0      0x1f8 ./src/project_src/L3GD20_Lib_SPI.o
                0x080006d4                L3GD20_Init
                0x08000750                L3GD20_Read
                0x08000794                Gyro_convert
                0x080007ce                Gyro_readValues
                0x0800083a                Gyro_calibrate
 .text          0x08000898      0x478 ./src/project_src/LSM303DLHC_Lib_I2C.o
                0x08000898                LSM303DLHC_Write
                0x08000928                LSM303DLHC_Read
                0x080009cc                LSM303DLHC_ReadDMA
                0x08000a90                LSM303DLHC_AccInit
                0x08000aca                LSM303DLHC_ACC_readValues
                0x08000b14                LSM303DLHC_ACC_calibrate
                0x08000b8c                LSM303DLHC_ACC_readValuesDMA
                0x08000bd2                Mag_calibrate
                0x08000c0a                Mag_readValues
 .text          0x08000d10       0x38 ./src/project_src/MotorPWM.o
                0x08000d10                PWM_Motor
 .text          0x08000d48      0x134 ./src/project_src/PID_control.o
                0x08000d48                init_PID
                0x08000d56                resetIntegralValues_PID
                0x08000d60                calc_PID
                0x08000dc0                calc_PID_YAW
 .text          0x08000e7c      0x132 ./src/project_src/Vector_math.o
                0x08000e7c                VectorDotProduct
                0x08000ea0                VectorCrossProduct
                0x08000efe                VectorScale
                0x08000f26                VectorAdd
                0x08000f42                MatrixMultiply
 *fill*         0x08000fae        0x2 
 .text          0x08000fb0      0x3a8 ./src/project_src/filter_Lib.o
                0x08000fb0                update_intFilter
                0x08000fc4                initAvgValues
                0x08000fd4                calcMovingAvg
                0x08000ffe                quickSort
                0x08001066                calcStdDev
                0x08001090                floatFilterAcc1
                0x08001178                floatFilterAcc2
                0x080011f4                floatFilterAcc
                0x08001270                floatFilterGyro
 .text          0x08001358       0x16 ./src/project_src/helperFunctions.o
                0x08001358                Delay
 *fill*         0x0800136e        0x2 
 .text          0x08001370      0xbe0 ./src/project_src/main.o
                0x08001d7c                LED_TOGGLE_NOT_READY
                0x08001dac                LED_TOGGLE_READY
                0x08001ddc                LED_TOGGLE_ALL
                0x08001ee4                vApplicationMallocFailedHook
                0x08001ee6                vApplicationStackOverflowHook
                0x08001ee8                vApplicationIdleHook
                0x08001eec                vApplicationTickHook
                0x08001eee                USART3_IRQHandler
 .text          0x08001f50       0x84 ./src/project_src/multicopter_settings.o
                0x08001f50                SETTINGS_init
                0x08001fcc                CTRLSTATES_init
 .text          0x08001fd4      0x2c4 ./src/project_src/printf_stdarg.o
                0x08002240                printf
                0x0800225a                sprintf
                0x08002278                snprintf
 .text          0x08002298      0x1c4 ./src/project_src/remote_control.o
                0x08002298                CalcRXValues
 .text          0x0800245c      0x7d0 ./src/project_src/stm32_configuration.o
                0x0800245c                RCC_Configuration
                0x0800248c                NVIC_Configuration
                0x080024f4                GPIO_Configuration
                0x08002768                USART_Configuration
                0x080027ec                SPI_Configuration
                0x08002850                I2C_Configuration
                0x0800288c                DMA_Configuration
                0x080028d4                TIM2_PWM_Configuration
                0x080029a4                TIM3_PWM_Configuration
                0x08002a70                TIM4_Configuration
                0x08002ab8                getEXTI_Config
                0x08002ac0                EXTI_Configuration
                0x08002b54                ADC_Configuration
 .text          0x08002c2c      0x200 ./src/project_src/stm32f30x_it.o
                0x08002c2c                NMI_Handler
                0x08002c2e                HardFault_Handler
                0x08002c30                MemManage_Handler
                0x08002c32                BusFault_Handler
                0x08002c34                UsageFault_Handler
                0x08002c36                DebugMon_Handler
                0x08002c38                USART2_IRQHandler
                0x08002ca0                disableEXTI
                0x08002cbe                enableEXTI
                0x08002cdc                EXTI15_10_IRQHandler
 .text          0x08002e2c       0x64 ./src/project_src/usart.o
                0x08002e2c                Usart2Put
                0x08002e48                Usart3Put
                0x08002e64                Usart3Get
                0x08002e80                InttoBuffer
 .text          0x08002e90        0x4 ./src/project_src/xBee_Lib.o
                0x08002e90                setup_xBeeS6
 .text          0x08002e94      0x6d0 ./src/STM32F30x_StdPeriph_Driver/src/stm32f30x_adc.o
                0x08002e94                ADC_DeInit
                0x08002ee4                ADC_Init
                0x08002f20                ADC_StructInit
                0x08002f36                ADC_InjectedInit
                0x08002f60                ADC_InjectedStructInit
                0x08002f74                ADC_CommonInit
                0x08002fd4                ADC_CommonStructInit
                0x08002fe2                ADC_Cmd
                0x08002ff4                ADC_StartCalibration
                0x08002ffe                ADC_GetCalibrationValue
                0x08003004                ADC_SetCalibrationValue
                0x0800300a                ADC_SelectCalibrationMode
                0x0800301a                ADC_GetCalibrationStatus
                0x08003020                ADC_DisableCmd
                0x0800302a                ADC_GetDisableCmdStatus
                0x08003032                ADC_VoltageRegulatorCmd
                0x0800304c                ADC_SelectDifferentialMode
                0x0800306e                ADC_SelectQueueOfContextMode
                0x08003080                ADC_AutoDelayCmd
                0x08003092                ADC_AnalogWatchdogCmd
                0x0800309e                ADC_AnalogWatchdog1ThresholdsConfig
                0x080030c6                ADC_AnalogWatchdog2ThresholdsConfig
                0x080030e6                ADC_AnalogWatchdog3ThresholdsConfig
                0x08003106                ADC_AnalogWatchdog1SingleChannelConfig
                0x08003114                ADC_AnalogWatchdog2SingleChannelConfig
                0x08003134                ADC_AnalogWatchdog3SingleChannelConfig
                0x08003154                ADC_TempSensorCmd
                0x08003184                ADC_VrefintCmd
                0x080031b4                ADC_VbatCmd
                0x080031e4                ADC_RegularChannelConfig
                0x080032a4                ADC_RegularChannelSequencerLengthConfig
                0x080032b6                ADC_ExternalTriggerConfig
                0x080032c8                ADC_StartConversion
                0x080032d2                ADC_GetStartConversionStatus
                0x080032da                ADC_StopConversion
                0x080032e4                ADC_DiscModeChannelCountConfig
                0x080032f4                ADC_DiscModeCmd
                0x08003306                ADC_GetConversionValue
                0x0800330c                ADC_GetDualModeConversionValue
                0x08003330                ADC_SetChannelOffset1
                0x08003354                ADC_SetChannelOffset2
                0x08003378                ADC_SetChannelOffset3
                0x0800339c                ADC_SetChannelOffset4
                0x080033c0                ADC_ChannelOffset1Cmd
                0x080033d2                ADC_ChannelOffset2Cmd
                0x080033e4                ADC_ChannelOffset3Cmd
                0x080033f6                ADC_ChannelOffset4Cmd
                0x08003408                ADC_DMACmd
                0x0800341a                ADC_DMAConfig
                0x0800342a                ADC_InjectedChannelSampleTimeConfig
                0x08003472                ADC_StartInjectedConversion
                0x0800347c                ADC_StopInjectedConversion
                0x08003486                ADC_GetStartInjectedConversionStatus
                0x0800348e                ADC_AutoInjectedConvCmd
                0x080034a0                ADC_InjectedDiscModeCmd
                0x080034b2                ADC_GetInjectedConversionValue
                0x080034d0                ADC_ITConfig
                0x080034e0                ADC_GetFlagStatus
                0x080034ec                ADC_ClearFlag
                0x080034f0                ADC_GetCommonFlagStatus
                0x0800351c                ADC_ClearCommonFlag
                0x08003544                ADC_GetITStatus
                0x0800355a                ADC_ClearITPendingBit
 .text          0x08003564      0x1e0 ./src/STM32F30x_StdPeriph_Driver/src/stm32f30x_dma.o
                0x08003564                DMA_DeInit
                0x0800365c                DMA_Init
                0x0800369a                DMA_StructInit
                0x080036b4                DMA_Cmd
                0x080036ca                DMA_SetCurrDataCounter
                0x080036ce                DMA_GetCurrDataCounter
                0x080036d4                DMA_ITConfig
                0x080036e4                DMA_GetFlagStatus
                0x08003700                DMA_ClearFlag
                0x08003714                DMA_GetITStatus
                0x08003730                DMA_ClearITPendingBit
 .text          0x08003744      0x1e4 ./src/STM32F30x_StdPeriph_Driver/src/stm32f30x_exti.o
                0x08003744                EXTI_DeInit
                0x08003774                EXTI_Init
                0x0800387c                EXTI_StructInit
                0x0800388a                EXTI_GenerateSWInterrupt
                0x080038a8                EXTI_GetFlagStatus
                0x080038c8                EXTI_ClearFlag
                0x080038e0                EXTI_GetITStatus
                0x08003910                EXTI_ClearITPendingBit
 .text          0x08003928      0x1d8 ./src/STM32F30x_StdPeriph_Driver/src/stm32f30x_gpio.o
                0x08003928                GPIO_DeInit
                0x080039cc                GPIO_Init
                0x08003a74                GPIO_StructInit
                0x08003a88                GPIO_PinLockConfig
                0x08003a98                GPIO_ReadInputDataBit
                0x08003aa4                GPIO_ReadInputData
                0x08003aaa                GPIO_ReadOutputDataBit
                0x08003ab6                GPIO_ReadOutputData
                0x08003abc                GPIO_SetBits
                0x08003ac0                GPIO_ResetBits
                0x08003ac4                GPIO_WriteBit
                0x08003ace                GPIO_Write
                0x08003ad2                GPIO_PinAFConfig
 .text          0x08003b00      0x354 ./src/STM32F30x_StdPeriph_Driver/src/stm32f30x_i2c.o
                0x08003b00                I2C_DeInit
                0x08003b34                I2C_Init
                0x08003b94                I2C_StructInit
                0x08003baa                I2C_Cmd
                0x08003bbc                I2C_SoftwareResetCmd
                0x08003bd0                I2C_ITConfig
                0x08003be0                I2C_StretchClockCmd
                0x08003bf2                I2C_StopModeCmd
                0x08003c04                I2C_DualAddressCmd
                0x08003c16                I2C_OwnAddress2Config
                0x08003c32                I2C_GeneralCallCmd
                0x08003c44                I2C_SlaveByteControlCmd
                0x08003c56                I2C_SlaveAddressConfig
                0x08003c6a                I2C_10BitAddressingModeCmd
                0x08003c7c                I2C_AutoEndCmd
                0x08003c8e                I2C_ReloadCmd
                0x08003ca0                I2C_NumberOfBytesConfig
                0x08003cae                I2C_MasterRequestConfig
                0x08003cc0                I2C_GenerateSTART
                0x08003cd2                I2C_GenerateSTOP
                0x08003ce4                I2C_10BitAddressHeaderCmd
                0x08003cf6                I2C_AcknowledgeConfig
                0x08003d08                I2C_GetAddressMatched
                0x08003d12                I2C_GetTransferDirection
                0x08003d22                I2C_TransferHandling
                0x08003d44                I2C_SMBusAlertCmd
                0x08003d56                I2C_ClockTimeoutCmd
                0x08003d68                I2C_ExtendedClockTimeoutCmd
                0x08003d7a                I2C_IdleClockTimeoutCmd
                0x08003d8c                I2C_TimeoutAConfig
                0x08003da0                I2C_TimeoutBConfig
                0x08003dbc                I2C_CalculatePEC
                0x08003dce                I2C_PECRequestCmd
                0x08003de0                I2C_GetPEC
                0x08003de6                I2C_ReadRegister
                0x08003dfc                I2C_SendData
                0x08003e00                I2C_ReceiveData
                0x08003e06                I2C_DMACmd
                0x08003e16                I2C_GetFlagStatus
                0x08003e22                I2C_ClearFlag
                0x08003e26                I2C_GetITStatus
                0x08003e4e                I2C_ClearITPendingBit
 .text          0x08003e54       0xc0 ./src/STM32F30x_StdPeriph_Driver/src/stm32f30x_misc.o
                0x08003e54                NVIC_PriorityGroupConfig
                0x08003e68                NVIC_Init
                0x08003ed0                NVIC_SetVectorTable
                0x08003ee4                NVIC_SystemLPConfig
                0x08003efc                SysTick_CLKSourceConfig
 .text          0x08003f14      0x5f4 ./src/STM32F30x_StdPeriph_Driver/src/stm32f30x_rcc.o
                0x08003f14                RCC_DeInit
                0x08003f68                RCC_HSEConfig
                0x08003f78                RCC_AdjustHSICalibrationValue
                0x08003f8c                RCC_HSICmd
                0x08003f98                RCC_LSEConfig
                0x08003fb8                RCC_LSEDriveConfig
                0x08003fd0                RCC_LSICmd
                0x08003fdc                RCC_PLLConfig
                0x08003ff4                RCC_PLLCmd
                0x08004000                RCC_PREDIV1Config
                0x08004014                RCC_ClockSecuritySystemCmd
                0x08004020                RCC_MCOConfig
                0x0800402c                RCC_SYSCLKConfig
                0x08004040                RCC_GetSYSCLKSource
                0x08004050                RCC_HCLKConfig
                0x08004064                RCC_PCLK1Config
                0x08004078                RCC_PCLK2Config
                0x0800408c                RCC_GetClocksFreq
                0x080042f0                RCC_ADCCLKConfig
                0x08004310                RCC_I2CCLKConfig
                0x08004330                RCC_TIMCLKConfig
                0x08004350                RCC_USARTCLKConfig
                0x08004398                RCC_USBCLKConfig
                0x080043a4                RCC_RTCCLKConfig
                0x080043b4                RCC_I2SCLKConfig
                0x080043c0                RCC_RTCCLKCmd
                0x080043cc                RCC_BackupResetCmd
                0x080043d8                RCC_AHBPeriphClockCmd
                0x080043f0                RCC_APB2PeriphClockCmd
                0x08004408                RCC_APB1PeriphClockCmd
                0x08004420                RCC_AHBPeriphResetCmd
                0x08004438                RCC_APB2PeriphResetCmd
                0x08004450                RCC_APB1PeriphResetCmd
                0x08004468                RCC_ITConfig
                0x08004480                RCC_GetFlagStatus
                0x080044ac                RCC_WaitForHSEStartUp
                0x080044d8                RCC_ClearFlag
                0x080044e8                RCC_GetITStatus
                0x080044fc                RCC_ClearITPendingBit
 .text          0x08004508      0x3c0 ./src/STM32F30x_StdPeriph_Driver/src/stm32f30x_spi.o
                0x08004508                SPI_I2S_DeInit
                0x0800456c                SPI_StructInit
                0x08004588                SPI_Init
                0x0800460c                I2S_StructInit
                0x0800461e                I2S_Init
                0x080046bc                SPI_Cmd
                0x080046d4                SPI_TIModeCmd
                0x080046ec                I2S_Cmd
                0x08004704                SPI_DataSizeConfig
                0x08004714                SPI_RxFIFOThresholdConfig
                0x0800472a                SPI_BiDirectionalLineConfig
                0x08004746                SPI_NSSInternalSoftwareConfig
                0x08004764                I2S_FullDuplexConfig
                0x080047a8                SPI_SSOutputCmd
                0x080047c0                SPI_NSSPulseModeCmd
                0x080047d8                SPI_SendData8
                0x080047dc                SPI_I2S_SendData16
                0x080047e0                SPI_ReceiveData8
                0x080047e4                SPI_I2S_ReceiveData16
                0x080047ea                SPI_CRCLengthConfig
                0x08004800                SPI_CalculateCRC
                0x08004818                SPI_TransmitCRC
                0x08004824                SPI_GetCRC
                0x08004830                SPI_GetCRCPolynomial
                0x08004836                SPI_I2S_DMACmd
                0x08004848                SPI_LastDMATransferCmd
                0x0800485e                SPI_I2S_ITConfig
                0x0800487e                SPI_GetTransmissionFIFOStatus
                0x08004886                SPI_GetReceptionFIFOStatus
                0x0800488e                SPI_I2S_GetFlagStatus
                0x0800489a                SPI_I2S_ClearFlag
                0x080048a0                SPI_I2S_GetITStatus
 .text          0x080048c8      0x140 ./src/STM32F30x_StdPeriph_Driver/src/stm32f30x_syscfg.o
                0x080048c8                SYSCFG_DeInit
                0x080048f0                SYSCFG_MemoryRemapConfig
                0x08004904                SYSCFG_DMAChannelRemapConfig
                0x0800491c                SYSCFG_TriggerRemapConfig
                0x08004934                SYSCFG_EncoderRemapConfig
                0x0800494c                SYSCFG_USBInterruptLineRemapCmd
                0x08004958                SYSCFG_I2CFastModePlusConfig
                0x08004970                SYSCFG_ITConfig
                0x08004988                SYSCFG_EXTILineConfig
                0x080049bc                SYSCFG_BreakConfig
                0x080049cc                SYSCFG_BypassParityCheckDisable
                0x080049d8                SYSCFG_SRAMWRPEnable
                0x080049e8                SYSCFG_GetFlagStatus
                0x080049f8                SYSCFG_ClearFlag
 .text          0x08004a08      0xb8c ./src/STM32F30x_StdPeriph_Driver/src/stm32f30x_tim.o
                0x08004a62                TIM_DeInit
                0x08004b64                TIM_TimeBaseInit
                0x08004bf0                TIM_TimeBaseStructInit
                0x08004c02                TIM_PrescalerConfig
                0x08004c08                TIM_CounterModeConfig
                0x08004c18                TIM_SetCounter
                0x08004c1c                TIM_SetAutoreload
                0x08004c20                TIM_GetCounter
                0x08004c24                TIM_GetPrescaler
                0x08004c2a                TIM_UpdateDisableConfig
                0x08004c42                TIM_UpdateRequestConfig
                0x08004c5a                TIM_UIFRemap
                0x08004c72                TIM_ARRPreloadConfig
                0x08004c8a                TIM_SelectOnePulseMode
                0x08004ca0                TIM_SetClockDivision
                0x08004cb6                TIM_Cmd
                0x08004cce                TIM_OC1Init
                0x08004d48                TIM_OC2Init
                0x08004db4                TIM_OC3Init
                0x08004e1c                TIM_OC4Init
                0x08004e6c                TIM_OC5Init
                0x08004ebc                TIM_OC6Init
                0x08004f08                TIM_SelectGC5C1
                0x08004f1a                TIM_SelectGC5C2
                0x08004f2c                TIM_SelectGC5C3
                0x08004f3e                TIM_OCStructInit
                0x08004f52                TIM_SelectOCxM
                0x08004f9c                TIM_SetCompare1
                0x08004fa0                TIM_SetCompare2
                0x08004fa4                TIM_SetCompare3
                0x08004fa8                TIM_SetCompare4
                0x08004fac                TIM_SetCompare5
                0x08004fb0                TIM_SetCompare6
                0x08004fb4                TIM_ForcedOC1Config
                0x08004fc4                TIM_ForcedOC2Config
                0x08004fd6                TIM_ForcedOC3Config
                0x08004fe2                TIM_ForcedOC4Config
                0x08004ff0                TIM_ForcedOC5Config
                0x08004ffc                TIM_ForcedOC6Config
                0x0800500a                TIM_OC1PreloadConfig
                0x08005016                TIM_OC2PreloadConfig
                0x08005024                TIM_OC3PreloadConfig
                0x08005030                TIM_OC4PreloadConfig
                0x0800503e                TIM_OC5PreloadConfig
                0x0800504a                TIM_OC6PreloadConfig
                0x08005058                TIM_OC1FastConfig
                0x08005064                TIM_OC2FastConfig
                0x08005072                TIM_OC3FastConfig
                0x0800507e                TIM_OC4FastConfig
                0x0800508c                TIM_ClearOC1Ref
                0x08005098                TIM_ClearOC2Ref
                0x080050a6                TIM_ClearOC3Ref
                0x080050b2                TIM_ClearOC4Ref
                0x080050c0                TIM_ClearOC5Ref
                0x080050cc                TIM_ClearOC6Ref
                0x080050da                TIM_SelectOCREFClear
                0x080050ec                TIM_OC1PolarityConfig
                0x080050f8                TIM_OC1NPolarityConfig
                0x08005104                TIM_OC2PolarityConfig
                0x08005112                TIM_OC2NPolarityConfig
                0x08005120                TIM_OC3PolarityConfig
                0x0800512e                TIM_OC3NPolarityConfig
                0x0800513c                TIM_OC4PolarityConfig
                0x0800514a                TIM_OC5PolarityConfig
                0x08005158                TIM_OC6PolarityConfig
                0x08005166                TIM_CCxCmd
                0x08005182                TIM_CCxNCmd
                0x0800519e                TIM_ICStructInit
                0x080051ae                TIM_GetCapture1
                0x080051b2                TIM_GetCapture2
                0x080051b6                TIM_GetCapture3
                0x080051ba                TIM_GetCapture4
                0x080051be                TIM_SetIC1Prescaler
                0x080051ce                TIM_SetIC2Prescaler
                0x080051e0                TIM_PWMIConfig
                0x0800524e                TIM_SetIC3Prescaler
                0x08005260                TIM_SetIC4Prescaler
                0x08005276                TIM_ICInit
                0x0800532c                TIM_BDTRConfig
                0x0800534c                TIM_Break1Config
                0x08005360                TIM_Break2Config
                0x08005374                TIM_Break1Cmd
                0x08005386                TIM_Break2Cmd
                0x08005398                TIM_BDTRStructInit
                0x080053aa                TIM_CtrlPWMOutputs
                0x080053bc                TIM_SelectCOM
                0x080053d2                TIM_CCPreloadControl
                0x080053e8                TIM_ITConfig
                0x080053fa                TIM_GenerateEvent
                0x080053fe                TIM_GetFlagStatus
                0x0800540a                TIM_ClearFlag
                0x08005412                TIM_GetITStatus
                0x08005426                TIM_ClearITPendingBit
                0x0800542e                TIM_DMAConfig
                0x08005436                TIM_DMACmd
                0x08005448                TIM_SelectCCDMA
                0x0800545e                TIM_InternalClockConfig
                0x0800546a                TIM_ITRxExternalClockConfig
                0x08005480                TIM_TIxExternalClockConfig
                0x080054ae                TIM_SelectInputTrigger
                0x080054bc                TIM_SelectOutputTrigger
                0x080054ce                TIM_SelectOutputTrigger2
                0x080054de                TIM_SelectSlaveMode
                0x080054f2                TIM_SelectMasterSlaveMode
                0x08005504                TIM_ETRConfig
                0x08005518                TIM_ETRClockMode2Config
                0x0800552a                TIM_ETRClockMode1Config
                0x08005542                TIM_EncoderInterfaceConfig
                0x08005576                TIM_SelectHallSensor
                0x0800558c                TIM_RemapConfig
 .text          0x08005594      0x4a0 ./src/STM32F30x_StdPeriph_Driver/src/stm32f30x_usart.o
                0x08005594                USART_DeInit
                0x0800562c                USART_Init
                0x080056e4                USART_StructInit
                0x080056fa                USART_ClockInit
                0x08005716                USART_ClockStructInit
                0x08005722                USART_Cmd
                0x08005734                USART_DirectionModeCmd
                0x08005744                USART_OverSampling8Cmd
                0x08005756                USART_OneBitMethodCmd
                0x08005768                USART_MSBFirstCmd
                0x0800577a                USART_DataInvCmd
                0x0800578c                USART_InvPinCmd
                0x0800579c                USART_SWAPPinCmd
                0x080057ae                USART_ReceiverTimeOutCmd
                0x080057c0                USART_SetReceiverTimeOut
                0x080057d0                USART_SetPrescaler
                0x080057e2                USART_STOPModeCmd
                0x080057f4                USART_StopModeWakeUpSourceConfig
                0x08005804                USART_AutoBaudRateCmd
                0x08005816                USART_AutoBaudRateConfig
                0x08005826                USART_SendData
                0x0800582e                USART_ReceiveData
                0x08005836                USART_SetAddress
                0x08005848                USART_MuteModeCmd
                0x0800585a                USART_MuteModeWakeUpConfig
                0x0800586a                USART_AddressDetectionConfig
                0x0800587a                USART_LINBreakDetectLengthConfig
                0x0800588a                USART_LINCmd
                0x0800589c                USART_HalfDuplexCmd
                0x080058ae                USART_SetGuardTime
                0x080058c0                USART_SmartCardCmd
                0x080058d2                USART_SmartCardNACKCmd
                0x080058e4                USART_SetAutoRetryCount
                0x080058f6                USART_SetBlockLength
                0x08005908                USART_IrDAConfig
                0x08005918                USART_IrDACmd
                0x0800592a                USART_DECmd
                0x0800593c                USART_DEPolarityConfig
                0x0800594c                USART_SetDEAssertionTime
                0x0800595e                USART_SetDEDeassertionTime
                0x08005970                USART_DMACmd
                0x08005980                USART_DMAReceptionErrorConfig
                0x08005990                USART_ITConfig
                0x080059bc                USART_RequestCmd
                0x080059ce                USART_OverrunDetectionConfig
                0x080059de                USART_GetFlagStatus
                0x080059ea                USART_ClearFlag
                0x080059ee                USART_GetITStatus
                0x08005a28                USART_ClearITPendingBit
 .text          0x08005a34       0x8c ./src/FreeRTOS/Source/portable/MemMang/heap_1.o
                0x08005a34                pvPortMalloc
                0x08005a90                vPortFree
                0x08005a9c                vPortInitialiseBlocks
                0x08005aac                xPortGetFreeHeapSize
 .text          0x08005ac0      0x150 ./src/FreeRTOS/Source/portable/GCC/ARM_CM4F/port.o
                0x08005ad0                pxPortInitialiseStack
                0x08005ae6                SVC_Handler
                0x08005b08                vPortEndScheduler
                0x08005b0a                vPortYield
                0x08005b20                ulPortSetInterruptMask
                0x08005b30                vPortEnterCritical
                0x08005b4c                vPortClearInterruptMask
                0x08005b52                vPortExitCritical
                0x08005b68                PendSV_Handler
                0x08005ba4                SysTick_Handler
                0x08005bc4                vPortSetupTimerInterrupt
                0x08005bdc                xPortStartScheduler
 .text          0x08005c10      0x22c ./src/FreeRTOS/Source/croutine.o
                0x08005c10                xCoRoutineCreate
                0x08005cc0                vCoRoutineAddToDelayedList
                0x08005cfc                vCoRoutineSchedule
                0x08005e0c                xCoRoutineRemoveFromEventList
 .text          0x08005e3c       0x88 ./src/FreeRTOS/Source/list.o
                0x08005e3c                vListInitialise
                0x08005e52                vListInitialiseItem
                0x08005e58                vListInsertEnd
                0x08005e72                vListInsert
                0x08005ea2                uxListRemove
 .text          0x08005ec4      0x704 ./src/FreeRTOS/Source/queue.o
                0x08005faa                xQueueGenericReset
                0x0800600e                xQueueGenericCreate
                0x0800604e                xQueueGenericSend
                0x08006144                xQueueCreateMutex
                0x08006192                xQueueGenericSendFromISR
                0x08006204                xQueueGenericReceive
                0x0800632c                xQueueReceiveFromISR
                0x0800639a                uxQueueMessagesWaiting
                0x080063b4                uxQueueMessagesWaitingFromISR
                0x080063c2                vQueueDelete
                0x080063de                xQueueIsQueueEmptyFromISR
                0x080063f4                xQueueIsQueueFullFromISR
                0x0800640a                xQueueCRSend
                0x0800648e                xQueueCRReceive
                0x08006514                xQueueCRSendFromISR
                0x08006540                xQueueCRReceiveFromISR
                0x0800658e                vQueueWaitForMessageRestricted
 .text          0x080065c8      0xab4 ./src/FreeRTOS/Source/tasks.o
                0x08006604                xTaskGenericCreate
                0x0800678c                vTaskDelete
                0x080067f4                uxTaskPriorityGet
                0x08006810                vTaskPrioritySet
                0x080068ac                xTaskIsTaskSuspended
                0x080068dc                vTaskResume
                0x08006944                xTaskResumeFromISR
                0x080069c0                vTaskStartScheduler
                0x08006a1c                vTaskEndScheduler
                0x08006a38                vTaskSuspendAll
                0x08006a4c                xTaskGetTickCount
                0x08006a64                xTaskGetTickCountFromISR
                0x08006a7c                uxTaskGetNumberOfTasks
                0x08006a88                vTaskIncrementTick
                0x08006b58                xTaskResumeAll
                0x08006c84                vTaskDelay
                0x08006cb8                vTaskDelayUntil
                0x08006d24                vTaskSwitchContext
                0x08006dc8                vTaskSuspend
                0x08006e34                vTaskPlaceOnEventList
                0x08006e78                vTaskPlaceOnEventListRestricted
                0x08006ea8                xTaskRemoveFromEventList
                0x08006f0c                vTaskSetTimeOutState
                0x08006f28                xTaskCheckForTimeOut
                0x08006f8c                vTaskMissedYield
                0x08006f9c                xTaskGetCurrentTaskHandle
                0x08006fa8                xTaskGetSchedulerState
                0x08006fc4                vTaskPriorityInherit
                0x08007030                vTaskPriorityDisinherit
 .text          0x0800707c      0x314 ./src/FreeRTOS/Source/timers.o
                0x080070f0                xTimerCreateTimerTask
                0x08007130                xTimerCreate
                0x0800716c                xTimerGenericCommand
                0x08007374                xTimerIsTimerActive
                0x0800738c                pvTimerGetTimerID
 .text          0x08007390      0x15c ./src/CMSIS/Device/ST/STM32F30x/Source/Templates/system_stm32f30x.o
                0x08007390                SystemInit
                0x08007488                SystemCoreClockUpdate
 .text          0x080074ec      0x370 /opt/CodeSourcery/Sourcery_CodeBench_Lite_for_ARM_EABI/bin/../lib/gcc/arm-none-eabi/4.7.2/thumb2/libgcc.a(_arm_addsubdf3.o)
                0x080074ec                __aeabi_drsub
                0x080074f4                __aeabi_dsub
                0x080074f4                __subdf3
                0x080074f8                __adddf3
                0x080074f8                __aeabi_dadd
                0x08007770                __aeabi_ui2d
                0x08007770                __floatunsidf
                0x08007790                __floatsidf
                0x08007790                __aeabi_i2d
                0x080077b4                __extendsfdf2
                0x080077b4                __aeabi_f2d
                0x080077f0                __aeabi_ul2d
                0x080077f0                __floatundidf
                0x08007800                __floatdidf
                0x08007800                __aeabi_l2d
 .text          0x0800785c       0x50 /opt/CodeSourcery/Sourcery_CodeBench_Lite_for_ARM_EABI/bin/../lib/gcc/arm-none-eabi/4.7.2/thumb2/libgcc.a(_arm_fixdfsi.o)
                0x0800785c                __fixdfsi
                0x0800785c                __aeabi_d2iz
 .text          0x080078ac       0xa0 /opt/CodeSourcery/Sourcery_CodeBench_Lite_for_ARM_EABI/bin/../lib/gcc/arm-none-eabi/4.7.2/thumb2/libgcc.a(_arm_truncdfsf2.o)
                0x080078ac                __aeabi_d2f
                0x080078ac                __truncdfsf2
 .text          0x0800794c      0x21c /opt/CodeSourcery/Sourcery_CodeBench_Lite_for_ARM_EABI/bin/../lib/gcc/arm-none-eabi/4.7.2/thumb2/libgcc.a(_arm_addsubsf3.o)
                0x0800794c                __aeabi_frsub
                0x08007954                __subsf3
                0x08007954                __aeabi_fsub
                0x08007958                __aeabi_fadd
                0x08007958                __addsf3
                0x08007ab8                __aeabi_ui2f
                0x08007ab8                __floatunsisf
                0x08007ac0                __aeabi_i2f
                0x08007ac0                __floatsisf
                0x08007adc                __floatundisf
                0x08007adc                __aeabi_ul2f
                0x08007aec                __floatdisf
                0x08007aec                __aeabi_l2f
 .text          0x08007b68      0x2a0 /opt/CodeSourcery/Sourcery_CodeBench_Lite_for_ARM_EABI/bin/../lib/gcc/arm-none-eabi/4.7.2/thumb2/libgcc.a(_arm_muldivsf3.o)
                0x08007b68                __mulsf3
                0x08007b68                __aeabi_fmul
                0x08007cd0                __divsf3
                0x08007cd0                __aeabi_fdiv
 .text          0x08007e08       0xec /opt/CodeSourcery/Sourcery_CodeBench_Lite_for_ARM_EABI/bin/../lib/gcc/arm-none-eabi/4.7.2/thumb2/libgcc.a(_arm_cmpsf2.o)
                0x08007e08                __gtsf2
                0x08007e08                __gesf2
                0x08007e10                __lesf2
                0x08007e10                __ltsf2
                0x08007e18                __nesf2
                0x08007e18                __eqsf2
                0x08007e18                __cmpsf2
                0x08007e78                __aeabi_cfrcmple
                0x08007e80                __aeabi_cfcmple
                0x08007e80                __aeabi_cfcmpeq
                0x08007e90                __aeabi_fcmpeq
                0x08007ea4                __aeabi_fcmplt
                0x08007eb8                __aeabi_fcmple
                0x08007ecc                __aeabi_fcmpge
                0x08007ee0                __aeabi_fcmpgt
 .text          0x08007ef4       0x4c /opt/CodeSourcery/Sourcery_CodeBench_Lite_for_ARM_EABI/bin/../lib/gcc/arm-none-eabi/4.7.2/thumb2/libgcc.a(_arm_fixsfsi.o)
                0x08007ef4                __fixsfsi
                0x08007ef4                __aeabi_f2iz
 .text          0x08007f40       0x40 /opt/CodeSourcery/Sourcery_CodeBench_Lite_for_ARM_EABI/bin/../lib/gcc/arm-none-eabi/4.7.2/thumb2/libgcc.a(_arm_fixunssfsi.o)
                0x08007f40                __aeabi_f2uiz
                0x08007f40                __fixunssfsi
 .text          0x08007f80       0x64 /opt/CodeSourcery/Sourcery_CodeBench_Lite_for_ARM_EABI/bin/../lib/gcc/arm-none-eabi/4.7.2/../../../../arm-none-eabi/lib/thumb2/libc.a(lib_a-memcmp.o)
                0x08007f80                memcmp
 .text          0x08007fe4      0x174 /opt/CodeSourcery/Sourcery_CodeBench_Lite_for_ARM_EABI/bin/../lib/gcc/arm-none-eabi/4.7.2/../../../../arm-none-eabi/lib/thumb2/libc.a(lib_a-memcpy.o)
                0x08007fe4                memcpy
 .text          0x08008158       0xcc /opt/CodeSourcery/Sourcery_CodeBench_Lite_for_ARM_EABI/bin/../lib/gcc/arm-none-eabi/4.7.2/../../../../arm-none-eabi/lib/thumb2/libc.a(lib_a-memset.o)
                0x08008158                memset
 .text          0x08008224       0x64 /opt/CodeSourcery/Sourcery_CodeBench_Lite_for_ARM_EABI/bin/../lib/gcc/arm-none-eabi/4.7.2/../../../../arm-none-eabi/lib/thumb2/libc.a(lib_a-strncpy.o)
                0x08008224                strncpy
 .text          0x08008288       0x6c /opt/CodeSourcery/Sourcery_CodeBench_Lite_for_ARM_EABI/bin/../lib/gcc/arm-none-eabi/4.7.2/../../../../arm-none-eabi/lib/thumb2/libm.a(lib_a-sf_cos.o)
                0x08008288                cosf
 .text          0x080082f4       0x78 /opt/CodeSourcery/Sourcery_CodeBench_Lite_for_ARM_EABI/bin/../lib/gcc/arm-none-eabi/4.7.2/../../../../arm-none-eabi/lib/thumb2/libm.a(lib_a-sf_sin.o)
                0x080082f4                sinf
 .text          0x0800836c        0x4 /opt/CodeSourcery/Sourcery_CodeBench_Lite_for_ARM_EABI/bin/../lib/gcc/arm-none-eabi/4.7.2/../../../../arm-none-eabi/lib/thumb2/libm.a(lib_a-w_atan2.o)
                0x0800836c                atan2
 .text          0x08008370       0xac /opt/CodeSourcery/Sourcery_CodeBench_Lite_for_ARM_EABI/bin/../lib/gcc/arm-none-eabi/4.7.2/../../../../arm-none-eabi/lib/thumb2/libm.a(lib_a-w_sqrt.o)
                0x08008370                sqrt
 .text          0x0800841c       0xa4 /opt/CodeSourcery/Sourcery_CodeBench_Lite_for_ARM_EABI/bin/../lib/gcc/arm-none-eabi/4.7.2/../../../../arm-none-eabi/lib/thumb2/libm.a(lib_a-wf_asin.o)
                0x0800841c                asinf
 .text          0x080084c0        0x4 /opt/CodeSourcery/Sourcery_CodeBench_Lite_for_ARM_EABI/bin/../lib/gcc/arm-none-eabi/4.7.2/../../../../arm-none-eabi/lib/thumb2/libm.a(lib_a-wf_atan2.o)
                0x080084c0                atan2f
 .text          0x080084c4       0xa0 /opt/CodeSourcery/Sourcery_CodeBench_Lite_for_ARM_EABI/bin/../lib/gcc/arm-none-eabi/4.7.2/../../../../arm-none-eabi/lib/thumb2/libm.a(lib_a-wf_sqrt.o)
                0x080084c4                sqrtf
 *fill*         0x08008564        0x4 
 .text          0x08008568      0x220 /opt/CodeSourcery/Sourcery_CodeBench_Lite_for_ARM_EABI/bin/../lib/gcc/arm-none-eabi/4.7.2/../../../../arm-none-eabi/lib/thumb2/libm.a(lib_a-e_atan2.o)
                0x08008568                __ieee754_atan2
 .text          0x08008788      0x18c /opt/CodeSourcery/Sourcery_CodeBench_Lite_for_ARM_EABI/bin/../lib/gcc/arm-none-eabi/4.7.2/../../../../arm-none-eabi/lib/thumb2/libm.a(lib_a-e_sqrt.o)
                0x08008788                __ieee754_sqrt
 .text          0x08008914      0x318 /opt/CodeSourcery/Sourcery_CodeBench_Lite_for_ARM_EABI/bin/../lib/gcc/arm-none-eabi/4.7.2/../../../../arm-none-eabi/lib/thumb2/libm.a(lib_a-ef_asin.o)
                0x08008914                __ieee754_asinf
 .text          0x08008c2c      0x14c /opt/CodeSourcery/Sourcery_CodeBench_Lite_for_ARM_EABI/bin/../lib/gcc/arm-none-eabi/4.7.2/../../../../arm-none-eabi/lib/thumb2/libm.a(lib_a-ef_atan2.o)
                0x08008c2c                __ieee754_atan2f
 .text          0x08008d78      0x34c /opt/CodeSourcery/Sourcery_CodeBench_Lite_for_ARM_EABI/bin/../lib/gcc/arm-none-eabi/4.7.2/../../../../arm-none-eabi/lib/thumb2/libm.a(lib_a-ef_rem_pio2.o)
                0x08008d78                __ieee754_rem_pio2f
 .text          0x080090c4       0xa8 /opt/CodeSourcery/Sourcery_CodeBench_Lite_for_ARM_EABI/bin/../lib/gcc/arm-none-eabi/4.7.2/../../../../arm-none-eabi/lib/thumb2/libm.a(lib_a-ef_sqrt.o)
                0x080090c4                __ieee754_sqrtf
 .text          0x0800916c      0x1b8 /opt/CodeSourcery/Sourcery_CodeBench_Lite_for_ARM_EABI/bin/../lib/gcc/arm-none-eabi/4.7.2/../../../../arm-none-eabi/lib/thumb2/libm.a(lib_a-kf_cos.o)
                0x0800916c                __kernel_cosf
 .text          0x08009324      0x658 /opt/CodeSourcery/Sourcery_CodeBench_Lite_for_ARM_EABI/bin/../lib/gcc/arm-none-eabi/4.7.2/../../../../arm-none-eabi/lib/thumb2/libm.a(lib_a-kf_rem_pio2.o)
                0x08009324                __kernel_rem_pio2f
 .text          0x0800997c      0x100 /opt/CodeSourcery/Sourcery_CodeBench_Lite_for_ARM_EABI/bin/../lib/gcc/arm-none-eabi/4.7.2/../../../../arm-none-eabi/lib/thumb2/libm.a(lib_a-kf_sin.o)
                0x0800997c                __kernel_sinf
 *fill*         0x08009a7c        0x4 
 .text          0x08009a80      0x330 /opt/CodeSourcery/Sourcery_CodeBench_Lite_for_ARM_EABI/bin/../lib/gcc/arm-none-eabi/4.7.2/../../../../arm-none-eabi/lib/thumb2/libm.a(lib_a-s_atan.o)
                0x08009a80                atan
 .text          0x08009db0        0x8 /opt/CodeSourcery/Sourcery_CodeBench_Lite_for_ARM_EABI/bin/../lib/gcc/arm-none-eabi/4.7.2/../../../../arm-none-eabi/lib/thumb2/libm.a(lib_a-s_fabs.o)
                0x08009db0                fabs
 .text          0x08009db8       0x50 /opt/CodeSourcery/Sourcery_CodeBench_Lite_for_ARM_EABI/bin/../lib/gcc/arm-none-eabi/4.7.2/../../../../arm-none-eabi/lib/thumb2/libm.a(lib_a-s_fpclassify.o)
                0x08009db8                __fpclassifyd
 .text          0x08009e08        0x4 /opt/CodeSourcery/Sourcery_CodeBench_Lite_for_ARM_EABI/bin/../lib/gcc/arm-none-eabi/4.7.2/../../../../arm-none-eabi/lib/thumb2/libm.a(lib_a-s_matherr.o)
                0x08009e08                matherr
 .text          0x08009e0c        0xc /opt/CodeSourcery/Sourcery_CodeBench_Lite_for_ARM_EABI/bin/../lib/gcc/arm-none-eabi/4.7.2/../../../../arm-none-eabi/lib/thumb2/libm.a(lib_a-s_nan.o)
                0x08009e0c                nan
 .text          0x08009e18      0x23c /opt/CodeSourcery/Sourcery_CodeBench_Lite_for_ARM_EABI/bin/../lib/gcc/arm-none-eabi/4.7.2/../../../../arm-none-eabi/lib/thumb2/libm.a(lib_a-sf_atan.o)
                0x08009e18                atanf
 .text          0x0800a054        0x8 /opt/CodeSourcery/Sourcery_CodeBench_Lite_for_ARM_EABI/bin/../lib/gcc/arm-none-eabi/4.7.2/../../../../arm-none-eabi/lib/thumb2/libm.a(lib_a-sf_fabs.o)
                0x0800a054                fabsf
 .text          0x0800a05c       0x90 /opt/CodeSourcery/Sourcery_CodeBench_Lite_for_ARM_EABI/bin/../lib/gcc/arm-none-eabi/4.7.2/../../../../arm-none-eabi/lib/thumb2/libm.a(lib_a-sf_floor.o)
                0x0800a05c                floorf
 .text          0x0800a0ec       0x34 /opt/CodeSourcery/Sourcery_CodeBench_Lite_for_ARM_EABI/bin/../lib/gcc/arm-none-eabi/4.7.2/../../../../arm-none-eabi/lib/thumb2/libm.a(lib_a-sf_fpclassify.o)
                0x0800a0ec                __fpclassifyf
 .text          0x0800a120       0xc4 /opt/CodeSourcery/Sourcery_CodeBench_Lite_for_ARM_EABI/bin/../lib/gcc/arm-none-eabi/4.7.2/../../../../arm-none-eabi/lib/thumb2/libm.a(lib_a-sf_scalbn.o)
                0x0800a120                scalbnf
 .text          0x0800a1e4        0xc /opt/CodeSourcery/Sourcery_CodeBench_Lite_for_ARM_EABI/bin/../lib/gcc/arm-none-eabi/4.7.2/../../../../arm-none-eabi/lib/thumb2/libm.a(lib_a-sf_copysign.o)
                0x0800a1e4                copysignf
 .text          0x0800a1f0        0xc /opt/CodeSourcery/Sourcery_CodeBench_Lite_for_ARM_EABI/bin/../lib/gcc/arm-none-eabi/4.7.2/../../../../arm-none-eabi/lib/thumb2/libc.a(lib_a-errno.o)
                0x0800a1f0                __errno
 .text          0x0800a1fc      0x424 /opt/CodeSourcery/Sourcery_CodeBench_Lite_for_ARM_EABI/bin/../lib/gcc/arm-none-eabi/4.7.2/thumb2/libgcc.a(_arm_muldivdf3.o)
                0x0800a1fc                __aeabi_dmul
                0x0800a1fc                __muldf3
                0x0800a450                __aeabi_ddiv
                0x0800a450                __divdf3
 .text          0x0800a620      0x110 /opt/CodeSourcery/Sourcery_CodeBench_Lite_for_ARM_EABI/bin/../lib/gcc/arm-none-eabi/4.7.2/thumb2/libgcc.a(_arm_cmpdf2.o)
                0x0800a620                __gtdf2
                0x0800a620                __gedf2
                0x0800a628                __ltdf2
                0x0800a628                __ledf2
                0x0800a630                __cmpdf2
                0x0800a630                __eqdf2
                0x0800a630                __nedf2
                0x0800a6ac                __aeabi_cdrcmple
                0x0800a6bc                __aeabi_cdcmple
                0x0800a6bc                __aeabi_cdcmpeq
                0x0800a6cc                __aeabi_dcmpeq
                0x0800a6e0                __aeabi_dcmplt
                0x0800a6f4                __aeabi_dcmple
                0x0800a708                __aeabi_dcmpge
                0x0800a71c                __aeabi_dcmpgt
 *(.text*)
 .text.startup  0x0800a730       0xe8 ./src/project_src/main.o
                0x0800a730                main
 .text.Reset_Handler
                0x0800a818       0x4c ./src/CMSIS/Device/ST/STM32F30x/Source/Templates/gcc_ride7/startup_stm32f30x.o
                0x0800a818                Reset_Handler
 .text.Default_Handler
                0x0800a864        0x4 ./src/CMSIS/Device/ST/STM32F30x/Source/Templates/gcc_ride7/startup_stm32f30x.o
                0x0800a864                RTC_Alarm_IRQHandler
                0x0800a864                TIM8_TRG_COM_IRQHandler
                0x0800a864                TIM8_CC_IRQHandler
                0x0800a864                TIM1_CC_IRQHandler
                0x0800a864                USB_HP_IRQHandler
                0x0800a864                PVD_IRQHandler
                0x0800a864                EXTI3_IRQHandler
                0x0800a864                EXTI0_IRQHandler
                0x0800a864                I2C2_EV_IRQHandler
                0x0800a864                FPU_IRQHandler
                0x0800a864                EXTI2_TS_IRQHandler
                0x0800a864                TIM1_UP_TIM16_IRQHandler
                0x0800a864                ADC1_2_IRQHandler
                0x0800a864                SPI1_IRQHandler
                0x0800a864                TIM6_DAC_IRQHandler
                0x0800a864                TIM8_UP_IRQHandler
                0x0800a864                DMA2_Channel2_IRQHandler
                0x0800a864                DMA1_Channel4_IRQHandler
                0x0800a864                DMA1_Channel7_IRQHandler
                0x0800a864                CAN1_RX1_IRQHandler
                0x0800a864                UART5_IRQHandler
                0x0800a864                ADC3_IRQHandler
                0x0800a864                TIM4_IRQHandler
                0x0800a864                DMA2_Channel1_IRQHandler
                0x0800a864                I2C1_EV_IRQHandler
                0x0800a864                DMA1_Channel6_IRQHandler
                0x0800a864                UART4_IRQHandler
                0x0800a864                DMA2_Channel4_IRQHandler
                0x0800a864                TIM3_IRQHandler
                0x0800a864                RCC_IRQHandler
                0x0800a864                DMA1_Channel1_IRQHandler
                0x0800a864                Default_Handler
                0x0800a864                USBWakeUp_RMP_IRQHandler
                0x0800a864                TIM7_IRQHandler
                0x0800a864                EXTI9_5_IRQHandler
                0x0800a864                TAMPER_STAMP_IRQHandler
                0x0800a864                RTC_WKUP_IRQHandler
                0x0800a864                SPI2_IRQHandler
                0x0800a864                DMA2_Channel5_IRQHandler
                0x0800a864                DMA1_Channel5_IRQHandler
                0x0800a864                USB_LP_IRQHandler
                0x0800a864                EXTI4_IRQHandler
                0x0800a864                USB_LP_CAN1_RX0_IRQHandler
                0x0800a864                TIM1_TRG_COM_TIM17_IRQHandler
                0x0800a864                USB_HP_CAN1_TX_IRQHandler
                0x0800a864                DMA1_Channel3_IRQHandler
                0x0800a864                ADC4_IRQHandler
                0x0800a864                WWDG_IRQHandler
                0x0800a864                TIM2_IRQHandler
                0x0800a864                COMP7_IRQHandler
                0x0800a864                COMP1_2_3_IRQHandler
                0x0800a864                EXTI1_IRQHandler
                0x0800a864                COMP4_5_6_IRQHandler
                0x0800a864                I2C2_ER_IRQHandler
                0x0800a864                DMA1_Channel2_IRQHandler
                0x0800a864                TIM8_BRK_IRQHandler
                0x0800a864                CAN1_SCE_IRQHandler
                0x0800a864                FLASH_IRQHandler
                0x0800a864                USART1_IRQHandler
                0x0800a864                SPI3_IRQHandler
                0x0800a864                I2C1_ER_IRQHandler
                0x0800a864                USBWakeUp_IRQHandler
                0x0800a864                DMA2_Channel3_IRQHandler
                0x0800a864                TIM1_BRK_TIM15_IRQHandler
 *(.rodata)
 .rodata        0x0800a868       0x14 ./src/FreeRTOS/Source/tasks.o
 .rodata        0x0800a87c      0x398 /opt/CodeSourcery/Sourcery_CodeBench_Lite_for_ARM_EABI/bin/../lib/gcc/arm-none-eabi/4.7.2/../../../../arm-none-eabi/lib/thumb2/libm.a(lib_a-ef_rem_pio2.o)
 .rodata        0x0800ac14       0x38 /opt/CodeSourcery/Sourcery_CodeBench_Lite_for_ARM_EABI/bin/../lib/gcc/arm-none-eabi/4.7.2/../../../../arm-none-eabi/lib/thumb2/libm.a(lib_a-kf_rem_pio2.o)
 *fill*         0x0800ac4c        0x4 
 .rodata        0x0800ac50       0x40 /opt/CodeSourcery/Sourcery_CodeBench_Lite_for_ARM_EABI/bin/../lib/gcc/arm-none-eabi/4.7.2/../../../../arm-none-eabi/lib/thumb2/libm.a(lib_a-s_atan.o)
 .rodata        0x0800ac90       0x20 /opt/CodeSourcery/Sourcery_CodeBench_Lite_for_ARM_EABI/bin/../lib/gcc/arm-none-eabi/4.7.2/../../../../arm-none-eabi/lib/thumb2/libm.a(lib_a-sf_atan.o)
 *(.rodata*)
 .rodata.str1.1
                0x0800acb0       0x60 ./src/project_src/main.o
 .rodata.str1.1
                0x0800ad10        0x7 ./src/project_src/printf_stdarg.o
 .rodata.str1.1
                0x0800ad17        0x5 ./src/FreeRTOS/Source/tasks.o
 .rodata.str1.1
                0x0800ad1c        0x8 ./src/FreeRTOS/Source/timers.o
 .rodata.str1.4
                0x0800ad24        0x5 /opt/CodeSourcery/Sourcery_CodeBench_Lite_for_ARM_EABI/bin/../lib/gcc/arm-none-eabi/4.7.2/../../../../arm-none-eabi/lib/thumb2/libm.a(lib_a-w_sqrt.o)
                                  0x8 (size before relaxing)
 *fill*         0x0800ad29        0x3 
 .rodata.str1.4
                0x0800ad2c        0x6 /opt/CodeSourcery/Sourcery_CodeBench_Lite_for_ARM_EABI/bin/../lib/gcc/arm-none-eabi/4.7.2/../../../../arm-none-eabi/lib/thumb2/libm.a(lib_a-wf_asin.o)
                                  0xc (size before relaxing)
 *fill*         0x0800ad32        0x2 
 .rodata.str1.4
                0x0800ad34        0x6 /opt/CodeSourcery/Sourcery_CodeBench_Lite_for_ARM_EABI/bin/../lib/gcc/arm-none-eabi/4.7.2/../../../../arm-none-eabi/lib/thumb2/libm.a(lib_a-wf_sqrt.o)
                                  0x8 (size before relaxing)
 *fill*         0x0800ad3a        0x2 
 .rodata.str1.4
                0x0800ad3c        0x4 /opt/CodeSourcery/Sourcery_CodeBench_Lite_for_ARM_EABI/bin/../lib/gcc/arm-none-eabi/4.7.2/../../../../arm-none-eabi/lib/thumb2/libc.a(lib_a-impure.o)
 *(.glue_7)
 .glue_7        0x00000000        0x0 linker stubs
 *(.glue_7t)
 .glue_7t       0x00000000        0x0 linker stubs
 *(.eh_frame)
 *(.init)
 *(.fini)
                0x0800ad40                . = ALIGN (0x4)
                0x0800ad40                _etext = .

.vfp11_veneer   0x0800ad40        0x0
 .vfp11_veneer  0x00000000        0x0 linker stubs

.v4_bx          0x0800ad40        0x0
 .v4_bx         0x00000000        0x0 linker stubs

.iplt           0x0800ad40        0x0
 .iplt          0x00000000        0x0 ./src/project_src/ADXL345_Lib.o

.rel.dyn        0x0800ad40        0x0
 .rel.iplt      0x00000000        0x0 ./src/project_src/ADXL345_Lib.o

.ARM.extab
 *(.ARM.extab* .gnu.linkonce.armextab.*)

.ARM            0x0800ad40        0x0
                0x0800ad40                __exidx_start = .
 *(.ARM.exidx*)
                0x0800ad40                __exidx_end = .

.preinit_array  0x0800ad40        0x0
                0x0800ad40                PROVIDE (__preinit_array_start, .)
 *(.preinit_array*)
                0x0800ad40                PROVIDE (__preinit_array_end, .)

.init_array     0x0800ad40        0x0
                0x0800ad40                PROVIDE (__init_array_start, .)
 *(SORT(.init_array.*))
 *(.init_array*)
                0x0800ad40                PROVIDE (__init_array_end, .)

.fini_array     0x0800ad40        0x0
                0x0800ad40                PROVIDE (__fini_array_start, .)
 *(SORT(.fini_array.*))
 *(.fini_array*)
                0x0800ad40                PROVIDE (__fini_array_end, .)
                0x0800ad40                _sidata = LOADADDR (.data)

.data           0x20000000      0x140 load address 0x0800ad40
                0x20000000                . = ALIGN (0x4)
                0x20000000                _sdata = .
 *(.data)
 .data          0x20000000       0x2a ./src/STM32F30x_StdPeriph_Driver/src/stm32f30x_rcc.o
 *fill*         0x2000002a        0x2 
 .data          0x2000002c        0x4 ./src/FreeRTOS/Source/portable/GCC/ARM_CM4F/port.o
 .data          0x20000030        0x4 ./src/FreeRTOS/Source/tasks.o
 .data          0x20000034       0x14 ./src/CMSIS/Device/ST/STM32F30x/Source/Templates/system_stm32f30x.o
                0x20000034                SystemCoreClock
                0x20000038                AHBPrescTable
 .data          0x20000048        0x1 /opt/CodeSourcery/Sourcery_CodeBench_Lite_for_ARM_EABI/bin/../lib/gcc/arm-none-eabi/4.7.2/../../../../arm-none-eabi/lib/thumb2/libm.a(lib_a-s_lib_ver.o)
                0x20000048                __fdlib_version
 *fill*         0x20000049        0x3 
 .data          0x2000004c       0xf4 /opt/CodeSourcery/Sourcery_CodeBench_Lite_for_ARM_EABI/bin/../lib/gcc/arm-none-eabi/4.7.2/../../../../arm-none-eabi/lib/thumb2/libc.a(lib_a-impure.o)
                0x2000004c                _impure_ptr
 *(.data*)
                0x20000140                . = ALIGN (0x4)
                0x20000140                _edata = .
                0x0800ae80                _siccmram = LOADADDR (.ccmram)

.igot.plt       0x20000140        0x0 load address 0x0800ae80
 .igot.plt      0x00000000        0x0 ./src/project_src/ADXL345_Lib.o

.ccmram         0x10000000        0x0 load address 0x0800ae80
                0x10000000                . = ALIGN (0x4)
                0x10000000                _sccmram = .
 *(.ccmram)
 *(.ccmram*)
                0x10000000                . = ALIGN (0x4)
                0x10000000                _eccmram = .
                0x10000000                . = ALIGN (0x4)

.bss            0x20000140     0x2cc4
                0x20000140                _sbss = .
                0x20000140                __bss_start__ = _sbss
 *(.bss)
 .bss           0x20000140        0x6 ./src/project_src/LSM303DLHC_Lib_I2C.o
 *fill*         0x20000146        0x2 
 .bss           0x20000148       0x10 ./src/project_src/main.o
                0x20000148                xTemp
                0x2000014c                yTemp
                0x20000150                zTemp
                0x20000154                loopcnt
 .bss           0x20000158       0x24 ./src/project_src/remote_control.o
 .bss           0x2000017c       0x30 ./src/project_src/stm32_configuration.o
 .bss           0x200001ac        0xe ./src/project_src/stm32f30x_it.o
 *fill*         0x200001ba        0x2 
 .bss           0x200001bc     0x2808 ./src/FreeRTOS/Source/portable/MemMang/heap_1.o
 .bss           0x200029c4       0x80 ./src/FreeRTOS/Source/croutine.o
                0x200029c4                pxCurrentCoRoutine
 .bss           0x20002a44      0x100 ./src/FreeRTOS/Source/tasks.o
                0x20002a44                pxCurrentTCB
 .bss           0x20002b44       0x38 ./src/FreeRTOS/Source/timers.o
 *(.bss*)
 *(COMMON)
 COMMON         0x20002b7c       0x56 ./src/project_src/ADXL345_Lib.o
                0x20002b7c                XYZ
                0x20002b88                GlobalSettings
                0x20002bc8                CtrlStates
 *fill*         0x20002bd2        0x2 
 COMMON         0x20002bd4      0x230 ./src/project_src/main.o
                0x20002bd4                accBuffer
                0x20002bdc                It_Com
                0x20002e04                . = ALIGN (0x4)
                0x20002e04                _ebss = .
                0x20002e04                __bss_end__ = _ebss

._user_heap_stack
                0x20002e04      0x200
                0x20002e04                . = ALIGN (0x4)
                0x20002e04                PROVIDE (end, .)
                0x20002e04                PROVIDE (_end, .)
                0x20002e04                . = (. + _Min_Heap_Size)
                0x20003004                . = (. + _Min_Stack_Size)
 *fill*         0x20002e04      0x200 
                0x20003004                . = ALIGN (0x4)

.memory_b1_text
 *(.mb1text)
 *(.mb1text*)
 *(.mb1rodata)
 *(.mb1rodata*)

/DISCARD/
 libm.a(*)
 libc.a(*)
 libgcc.a(*)

.ARM.attributes
                0x00000000       0x31
 *(.ARM.attributes)
 .ARM.attributes
                0x00000000       0x33 ./src/project_src/ADXL345_Lib.o
 .ARM.attributes
                0x00000033       0x33 ./src/project_src/IMU_algorithm.o
 .ARM.attributes
                0x00000066       0x33 ./src/project_src/L3GD20_Lib_SPI.o
 .ARM.attributes
                0x00000099       0x33 ./src/project_src/LSM303DLHC_Lib_I2C.o
 .ARM.attributes
                0x000000cc       0x33 ./src/project_src/MotorPWM.o
 .ARM.attributes
                0x000000ff       0x33 ./src/project_src/PID_control.o
 .ARM.attributes
                0x00000132       0x33 ./src/project_src/Vector_math.o
 .ARM.attributes
                0x00000165       0x33 ./src/project_src/filter_Lib.o
 .ARM.attributes
                0x00000198       0x33 ./src/project_src/helperFunctions.o
 .ARM.attributes
                0x000001cb       0x33 ./src/project_src/main.o
 .ARM.attributes
                0x000001fe       0x33 ./src/project_src/multicopter_settings.o
 .ARM.attributes
                0x00000231       0x33 ./src/project_src/printf_stdarg.o
 .ARM.attributes
                0x00000264       0x33 ./src/project_src/remote_control.o
 .ARM.attributes
                0x00000297       0x33 ./src/project_src/stm32_configuration.o
 .ARM.attributes
                0x000002ca       0x33 ./src/project_src/stm32f30x_it.o
 .ARM.attributes
                0x000002fd       0x33 ./src/project_src/usart.o
 .ARM.attributes
                0x00000330       0x33 ./src/project_src/xBee_Lib.o
 .ARM.attributes
                0x00000363       0x33 ./src/STM32F30x_StdPeriph_Driver/src/stm32f30x_adc.o
 .ARM.attributes
                0x00000396       0x33 ./src/STM32F30x_StdPeriph_Driver/src/stm32f30x_dma.o
 .ARM.attributes
                0x000003c9       0x33 ./src/STM32F30x_StdPeriph_Driver/src/stm32f30x_exti.o
 .ARM.attributes
                0x000003fc       0x33 ./src/STM32F30x_StdPeriph_Driver/src/stm32f30x_gpio.o
 .ARM.attributes
                0x0000042f       0x33 ./src/STM32F30x_StdPeriph_Driver/src/stm32f30x_i2c.o
 .ARM.attributes
                0x00000462       0x33 ./src/STM32F30x_StdPeriph_Driver/src/stm32f30x_misc.o
 .ARM.attributes
                0x00000495       0x33 ./src/STM32F30x_StdPeriph_Driver/src/stm32f30x_rcc.o
 .ARM.attributes
                0x000004c8       0x33 ./src/STM32F30x_StdPeriph_Driver/src/stm32f30x_spi.o
 .ARM.attributes
                0x000004fb       0x33 ./src/STM32F30x_StdPeriph_Driver/src/stm32f30x_syscfg.o
 .ARM.attributes
                0x0000052e       0x33 ./src/STM32F30x_StdPeriph_Driver/src/stm32f30x_tim.o
 .ARM.attributes
                0x00000561       0x33 ./src/STM32F30x_StdPeriph_Driver/src/stm32f30x_usart.o
 .ARM.attributes
                0x00000594       0x33 ./src/FreeRTOS/Source/portable/MemMang/heap_1.o
 .ARM.attributes
                0x000005c7       0x33 ./src/FreeRTOS/Source/portable/GCC/ARM_CM4F/port.o
 .ARM.attributes
                0x000005fa       0x33 ./src/FreeRTOS/Source/croutine.o
 .ARM.attributes
                0x0000062d       0x33 ./src/FreeRTOS/Source/list.o
 .ARM.attributes
                0x00000660       0x33 ./src/FreeRTOS/Source/queue.o
 .ARM.attributes
                0x00000693       0x33 ./src/FreeRTOS/Source/tasks.o
 .ARM.attributes
                0x000006c6       0x33 ./src/FreeRTOS/Source/timers.o
 .ARM.attributes
                0x000006f9       0x21 ./src/CMSIS/Device/ST/STM32F30x/Source/Templates/gcc_ride7/startup_stm32f30x.o
 .ARM.attributes
                0x0000071a       0x33 ./src/CMSIS/Device/ST/STM32F30x/Source/Templates/system_stm32f30x.o
 .ARM.attributes
                0x0000074d       0x19 /opt/CodeSourcery/Sourcery_CodeBench_Lite_for_ARM_EABI/bin/../lib/gcc/arm-none-eabi/4.7.2/thumb2/libgcc.a(_arm_addsubdf3.o)
 .ARM.attributes
                0x00000766       0x19 /opt/CodeSourcery/Sourcery_CodeBench_Lite_for_ARM_EABI/bin/../lib/gcc/arm-none-eabi/4.7.2/thumb2/libgcc.a(_arm_fixdfsi.o)
 .ARM.attributes
                0x0000077f       0x19 /opt/CodeSourcery/Sourcery_CodeBench_Lite_for_ARM_EABI/bin/../lib/gcc/arm-none-eabi/4.7.2/thumb2/libgcc.a(_arm_truncdfsf2.o)
 .ARM.attributes
                0x00000798       0x19 /opt/CodeSourcery/Sourcery_CodeBench_Lite_for_ARM_EABI/bin/../lib/gcc/arm-none-eabi/4.7.2/thumb2/libgcc.a(_arm_addsubsf3.o)
 .ARM.attributes
                0x000007b1       0x19 /opt/CodeSourcery/Sourcery_CodeBench_Lite_for_ARM_EABI/bin/../lib/gcc/arm-none-eabi/4.7.2/thumb2/libgcc.a(_arm_muldivsf3.o)
 .ARM.attributes
                0x000007ca       0x19 /opt/CodeSourcery/Sourcery_CodeBench_Lite_for_ARM_EABI/bin/../lib/gcc/arm-none-eabi/4.7.2/thumb2/libgcc.a(_arm_cmpsf2.o)
 .ARM.attributes
                0x000007e3       0x19 /opt/CodeSourcery/Sourcery_CodeBench_Lite_for_ARM_EABI/bin/../lib/gcc/arm-none-eabi/4.7.2/thumb2/libgcc.a(_arm_fixsfsi.o)
 .ARM.attributes
                0x000007fc       0x19 /opt/CodeSourcery/Sourcery_CodeBench_Lite_for_ARM_EABI/bin/../lib/gcc/arm-none-eabi/4.7.2/thumb2/libgcc.a(_arm_fixunssfsi.o)
 .ARM.attributes
                0x00000815       0x29 /opt/CodeSourcery/Sourcery_CodeBench_Lite_for_ARM_EABI/bin/../lib/gcc/arm-none-eabi/4.7.2/../../../../arm-none-eabi/lib/thumb2/libc.a(lib_a-memcmp.o)
 .ARM.attributes
                0x0000083e       0x29 /opt/CodeSourcery/Sourcery_CodeBench_Lite_for_ARM_EABI/bin/../lib/gcc/arm-none-eabi/4.7.2/../../../../arm-none-eabi/lib/thumb2/libc.a(lib_a-memcpy.o)
 .ARM.attributes
                0x00000867       0x29 /opt/CodeSourcery/Sourcery_CodeBench_Lite_for_ARM_EABI/bin/../lib/gcc/arm-none-eabi/4.7.2/../../../../arm-none-eabi/lib/thumb2/libc.a(lib_a-memset.o)
 .ARM.attributes
                0x00000890       0x29 /opt/CodeSourcery/Sourcery_CodeBench_Lite_for_ARM_EABI/bin/../lib/gcc/arm-none-eabi/4.7.2/../../../../arm-none-eabi/lib/thumb2/libc.a(lib_a-strncpy.o)
OUTPUT(STM32F3_Multicopter.elf elf32-littlearm)

.debug_info     0x00000000    0x16a64
 .debug_info    0x00000000      0x328 ./src/project_src/ADXL345_Lib.o
 .debug_info    0x00000328      0x7cb ./src/project_src/IMU_algorithm.o
 .debug_info    0x00000af3      0x913 ./src/project_src/L3GD20_Lib_SPI.o
 .debug_info    0x00001406      0xcab ./src/project_src/LSM303DLHC_Lib_I2C.o
 .debug_info    0x000020b1      0x369 ./src/project_src/MotorPWM.o
 .debug_info    0x0000241a      0x1bd ./src/project_src/PID_control.o
 .debug_info    0x000025d7      0x217 ./src/project_src/Vector_math.o
 .debug_info    0x000027ee      0x499 ./src/project_src/filter_Lib.o
 .debug_info    0x00002c87       0xeb ./src/project_src/helperFunctions.o
 .debug_info    0x00002d72     0x1ff6 ./src/project_src/main.o
 .debug_info    0x00004d68      0x3c8 ./src/project_src/multicopter_settings.o
 .debug_info    0x00005130      0x571 ./src/project_src/printf_stdarg.o
 .debug_info    0x000056a1      0x461 ./src/project_src/remote_control.o
 .debug_info    0x00005b02     0x24dd ./src/project_src/stm32_configuration.o
 .debug_info    0x00007fdf      0xb2a ./src/project_src/stm32f30x_it.o
 .debug_info    0x00008b09      0x37f ./src/project_src/usart.o
 .debug_info    0x00008e88       0x45 ./src/project_src/xBee_Lib.o
 .debug_info    0x00008ecd     0x14cb ./src/STM32F30x_StdPeriph_Driver/src/stm32f30x_adc.o
 .debug_info    0x0000a398      0x4a4 ./src/STM32F30x_StdPeriph_Driver/src/stm32f30x_dma.o
 .debug_info    0x0000a83c      0x3f3 ./src/STM32F30x_StdPeriph_Driver/src/stm32f30x_exti.o
 .debug_info    0x0000ac2f      0x6fd ./src/STM32F30x_StdPeriph_Driver/src/stm32f30x_gpio.o
 .debug_info    0x0000b32c      0xcc6 ./src/STM32F30x_StdPeriph_Driver/src/stm32f30x_i2c.o
 .debug_info    0x0000bff2      0x592 ./src/STM32F30x_StdPeriph_Driver/src/stm32f30x_misc.o
 .debug_info    0x0000c584      0xb9c ./src/STM32F30x_StdPeriph_Driver/src/stm32f30x_rcc.o
 .debug_info    0x0000d120      0xd09 ./src/STM32F30x_StdPeriph_Driver/src/stm32f30x_spi.o
 .debug_info    0x0000de29      0x3f6 ./src/STM32F30x_StdPeriph_Driver/src/stm32f30x_syscfg.o
 .debug_info    0x0000e21f     0x275f ./src/STM32F30x_StdPeriph_Driver/src/stm32f30x_tim.o
 .debug_info    0x0001097e     0x10a8 ./src/STM32F30x_StdPeriph_Driver/src/stm32f30x_usart.o
 .debug_info    0x00011a26      0x1d3 ./src/FreeRTOS/Source/portable/MemMang/heap_1.o
 .debug_info    0x00011bf9      0x27f ./src/FreeRTOS/Source/portable/GCC/ARM_CM4F/port.o
 .debug_info    0x00011e78      0x794 ./src/FreeRTOS/Source/croutine.o
 .debug_info    0x0001260c      0x2af ./src/FreeRTOS/Source/list.o
 .debug_info    0x000128bb     0x1434 ./src/FreeRTOS/Source/queue.o
 .debug_info    0x00013cef     0x18c1 ./src/FreeRTOS/Source/tasks.o
 .debug_info    0x000155b0      0xebe ./src/FreeRTOS/Source/timers.o
 .debug_info    0x0001646e       0xff ./src/CMSIS/Device/ST/STM32F30x/Source/Templates/gcc_ride7/startup_stm32f30x.o
 .debug_info    0x0001656d      0x4f7 ./src/CMSIS/Device/ST/STM32F30x/Source/Templates/system_stm32f30x.o

.debug_abbrev   0x00000000     0x4139
 .debug_abbrev  0x00000000       0xaf ./src/project_src/ADXL345_Lib.o
 .debug_abbrev  0x000000af      0x188 ./src/project_src/IMU_algorithm.o
 .debug_abbrev  0x00000237      0x261 ./src/project_src/L3GD20_Lib_SPI.o
 .debug_abbrev  0x00000498      0x252 ./src/project_src/LSM303DLHC_Lib_I2C.o
 .debug_abbrev  0x000006ea      0x10f ./src/project_src/MotorPWM.o
 .debug_abbrev  0x000007f9       0xf4 ./src/project_src/PID_control.o
 .debug_abbrev  0x000008ed       0xb8 ./src/project_src/Vector_math.o
 .debug_abbrev  0x000009a5      0x1ab ./src/project_src/filter_Lib.o
 .debug_abbrev  0x00000b50       0x7b ./src/project_src/helperFunctions.o
 .debug_abbrev  0x00000bcb      0x439 ./src/project_src/main.o
 .debug_abbrev  0x00001004      0x147 ./src/project_src/multicopter_settings.o
 .debug_abbrev  0x0000114b      0x1da ./src/project_src/printf_stdarg.o
 .debug_abbrev  0x00001325      0x130 ./src/project_src/remote_control.o
 .debug_abbrev  0x00001455      0x23f ./src/project_src/stm32_configuration.o
 .debug_abbrev  0x00001694      0x207 ./src/project_src/stm32f30x_it.o
 .debug_abbrev  0x0000189b      0x191 ./src/project_src/usart.o
 .debug_abbrev  0x00001a2c       0x38 ./src/project_src/xBee_Lib.o
 .debug_abbrev  0x00001a64      0x235 ./src/STM32F30x_StdPeriph_Driver/src/stm32f30x_adc.o
 .debug_abbrev  0x00001c99      0x181 ./src/STM32F30x_StdPeriph_Driver/src/stm32f30x_dma.o
 .debug_abbrev  0x00001e1a      0x1a6 ./src/STM32F30x_StdPeriph_Driver/src/stm32f30x_exti.o
 .debug_abbrev  0x00001fc0      0x20e ./src/STM32F30x_StdPeriph_Driver/src/stm32f30x_gpio.o
 .debug_abbrev  0x000021ce      0x214 ./src/STM32F30x_StdPeriph_Driver/src/stm32f30x_i2c.o
 .debug_abbrev  0x000023e2      0x153 ./src/STM32F30x_StdPeriph_Driver/src/stm32f30x_misc.o
 .debug_abbrev  0x00002535      0x233 ./src/STM32F30x_StdPeriph_Driver/src/stm32f30x_rcc.o
 .debug_abbrev  0x00002768      0x23e ./src/STM32F30x_StdPeriph_Driver/src/stm32f30x_spi.o
 .debug_abbrev  0x000029a6      0x1bc ./src/STM32F30x_StdPeriph_Driver/src/stm32f30x_syscfg.o
 .debug_abbrev  0x00002b62      0x2ca ./src/STM32F30x_StdPeriph_Driver/src/stm32f30x_tim.o
 .debug_abbrev  0x00002e2c      0x217 ./src/STM32F30x_StdPeriph_Driver/src/stm32f30x_usart.o
 .debug_abbrev  0x00003043      0x15c ./src/FreeRTOS/Source/portable/MemMang/heap_1.o
 .debug_abbrev  0x0000319f      0x1bc ./src/FreeRTOS/Source/portable/GCC/ARM_CM4F/port.o
 .debug_abbrev  0x0000335b      0x2a3 ./src/FreeRTOS/Source/croutine.o
 .debug_abbrev  0x000035fe       0xf7 ./src/FreeRTOS/Source/list.o
 .debug_abbrev  0x000036f5      0x289 ./src/FreeRTOS/Source/queue.o
 .debug_abbrev  0x0000397e      0x358 ./src/FreeRTOS/Source/tasks.o
 .debug_abbrev  0x00003cd6      0x2f1 ./src/FreeRTOS/Source/timers.o
 .debug_abbrev  0x00003fc7       0x12 ./src/CMSIS/Device/ST/STM32F30x/Source/Templates/gcc_ride7/startup_stm32f30x.o
 .debug_abbrev  0x00003fd9      0x160 ./src/CMSIS/Device/ST/STM32F30x/Source/Templates/system_stm32f30x.o

.debug_aranges  0x00000000      0x4a8
 .debug_aranges
                0x00000000       0x18 ./src/project_src/ADXL345_Lib.o
 .debug_aranges
                0x00000018       0x20 ./src/project_src/IMU_algorithm.o
 .debug_aranges
                0x00000038       0x20 ./src/project_src/L3GD20_Lib_SPI.o
 .debug_aranges
                0x00000058       0x20 ./src/project_src/LSM303DLHC_Lib_I2C.o
 .debug_aranges
                0x00000078       0x20 ./src/project_src/MotorPWM.o
 .debug_aranges
                0x00000098       0x20 ./src/project_src/PID_control.o
 .debug_aranges
                0x000000b8       0x20 ./src/project_src/Vector_math.o
 .debug_aranges
                0x000000d8       0x20 ./src/project_src/filter_Lib.o
 .debug_aranges
                0x000000f8       0x20 ./src/project_src/helperFunctions.o
 .debug_aranges
                0x00000118       0x28 ./src/project_src/main.o
 .debug_aranges
                0x00000140       0x20 ./src/project_src/multicopter_settings.o
 .debug_aranges
                0x00000160       0x20 ./src/project_src/printf_stdarg.o
 .debug_aranges
                0x00000180       0x20 ./src/project_src/remote_control.o
 .debug_aranges
                0x000001a0       0x20 ./src/project_src/stm32_configuration.o
 .debug_aranges
                0x000001c0       0x20 ./src/project_src/stm32f30x_it.o
 .debug_aranges
                0x000001e0       0x20 ./src/project_src/usart.o
 .debug_aranges
                0x00000200       0x20 ./src/project_src/xBee_Lib.o
 .debug_aranges
                0x00000220       0x20 ./src/STM32F30x_StdPeriph_Driver/src/stm32f30x_adc.o
 .debug_aranges
                0x00000240       0x20 ./src/STM32F30x_StdPeriph_Driver/src/stm32f30x_dma.o
 .debug_aranges
                0x00000260       0x20 ./src/STM32F30x_StdPeriph_Driver/src/stm32f30x_exti.o
 .debug_aranges
                0x00000280       0x20 ./src/STM32F30x_StdPeriph_Driver/src/stm32f30x_gpio.o
 .debug_aranges
                0x000002a0       0x20 ./src/STM32F30x_StdPeriph_Driver/src/stm32f30x_i2c.o
 .debug_aranges
                0x000002c0       0x20 ./src/STM32F30x_StdPeriph_Driver/src/stm32f30x_misc.o
 .debug_aranges
                0x000002e0       0x20 ./src/STM32F30x_StdPeriph_Driver/src/stm32f30x_rcc.o
 .debug_aranges
                0x00000300       0x20 ./src/STM32F30x_StdPeriph_Driver/src/stm32f30x_spi.o
 .debug_aranges
                0x00000320       0x20 ./src/STM32F30x_StdPeriph_Driver/src/stm32f30x_syscfg.o
 .debug_aranges
                0x00000340       0x20 ./src/STM32F30x_StdPeriph_Driver/src/stm32f30x_tim.o
 .debug_aranges
                0x00000360       0x20 ./src/STM32F30x_StdPeriph_Driver/src/stm32f30x_usart.o
 .debug_aranges
                0x00000380       0x20 ./src/FreeRTOS/Source/portable/MemMang/heap_1.o
 .debug_aranges
                0x000003a0       0x20 ./src/FreeRTOS/Source/portable/GCC/ARM_CM4F/port.o
 .debug_aranges
                0x000003c0       0x20 ./src/FreeRTOS/Source/croutine.o
 .debug_aranges
                0x000003e0       0x20 ./src/FreeRTOS/Source/list.o
 .debug_aranges
                0x00000400       0x20 ./src/FreeRTOS/Source/queue.o
 .debug_aranges
                0x00000420       0x20 ./src/FreeRTOS/Source/tasks.o
 .debug_aranges
                0x00000440       0x20 ./src/FreeRTOS/Source/timers.o
 .debug_aranges
                0x00000460       0x28 ./src/CMSIS/Device/ST/STM32F30x/Source/Templates/gcc_ride7/startup_stm32f30x.o
 .debug_aranges
                0x00000488       0x20 ./src/CMSIS/Device/ST/STM32F30x/Source/Templates/system_stm32f30x.o

.debug_macro    0x00000000    0x12f52
 .debug_macro   0x00000000      0x264 ./src/project_src/ADXL345_Lib.o
 .debug_macro   0x00000264      0x820 ./src/project_src/ADXL345_Lib.o
 .debug_macro   0x00000a84       0x6e ./src/project_src/ADXL345_Lib.o
 .debug_macro   0x00000af2       0x3b ./src/project_src/ADXL345_Lib.o
 .debug_macro   0x00000b2d      0x214 ./src/project_src/ADXL345_Lib.o
 .debug_macro   0x00000d41       0x18 ./src/project_src/ADXL345_Lib.o
 .debug_macro   0x00000d59       0x42 ./src/project_src/ADXL345_Lib.o
 .debug_macro   0x00000d9b      0xc91 ./src/project_src/ADXL345_Lib.o
 .debug_macro   0x00001a2c     0x769b ./src/project_src/ADXL345_Lib.o
 .debug_macro   0x000090c7      0x5a6 ./src/project_src/ADXL345_Lib.o
 .debug_macro   0x0000966d      0x231 ./src/project_src/ADXL345_Lib.o
 .debug_macro   0x0000989e      0x3a8 ./src/project_src/ADXL345_Lib.o
 .debug_macro   0x00009c46      0x114 ./src/project_src/ADXL345_Lib.o
 .debug_macro   0x00009d5a      0x1e4 ./src/project_src/ADXL345_Lib.o
 .debug_macro   0x00009f3e      0x1b6 ./src/project_src/ADXL345_Lib.o
 .debug_macro   0x0000a0f4      0x1df ./src/project_src/ADXL345_Lib.o
 .debug_macro   0x0000a2d3      0x29a ./src/project_src/ADXL345_Lib.o
 .debug_macro   0x0000a56d       0xb8 ./src/project_src/ADXL345_Lib.o
 .debug_macro   0x0000a625      0x5c6 ./src/project_src/ADXL345_Lib.o
 .debug_macro   0x0000abeb      0x3ab ./src/project_src/ADXL345_Lib.o
 .debug_macro   0x0000af96      0x8d8 ./src/project_src/ADXL345_Lib.o
 .debug_macro   0x0000b86e      0x364 ./src/project_src/ADXL345_Lib.o
 .debug_macro   0x0000bbd2       0x89 ./src/project_src/ADXL345_Lib.o
 .debug_macro   0x0000bc5b       0x35 ./src/project_src/ADXL345_Lib.o
 .debug_macro   0x0000bc90       0x52 ./src/project_src/ADXL345_Lib.o
 .debug_macro   0x0000bce2       0x2e ./src/project_src/ADXL345_Lib.o
 .debug_macro   0x0000bd10       0x3a ./src/project_src/ADXL345_Lib.o
 .debug_macro   0x0000bd4a       0x35 ./src/project_src/ADXL345_Lib.o
 .debug_macro   0x0000bd7f       0x94 ./src/project_src/ADXL345_Lib.o
 .debug_macro   0x0000be13       0x10 ./src/project_src/ADXL345_Lib.o
 .debug_macro   0x0000be23       0x89 ./src/project_src/ADXL345_Lib.o
 .debug_macro   0x0000beac       0x10 ./src/project_src/ADXL345_Lib.o
 .debug_macro   0x0000bebc       0x3a ./src/project_src/ADXL345_Lib.o
 .debug_macro   0x0000bef6       0x52 ./src/project_src/ADXL345_Lib.o
 .debug_macro   0x0000bf48       0x19 ./src/project_src/ADXL345_Lib.o
 .debug_macro   0x0000bf61      0x189 ./src/project_src/ADXL345_Lib.o
 .debug_macro   0x0000c0ea       0x10 ./src/project_src/ADXL345_Lib.o
 .debug_macro   0x0000c0fa       0xf5 ./src/project_src/ADXL345_Lib.o
 .debug_macro   0x0000c1ef       0x22 ./src/project_src/ADXL345_Lib.o
 .debug_macro   0x0000c211       0x91 ./src/project_src/ADXL345_Lib.o
 .debug_macro   0x0000c2a2       0x16 ./src/project_src/ADXL345_Lib.o
 .debug_macro   0x0000c2b8      0x15c ./src/project_src/ADXL345_Lib.o
 .debug_macro   0x0000c414       0x10 ./src/project_src/ADXL345_Lib.o
 .debug_macro   0x0000c424       0x35 ./src/project_src/ADXL345_Lib.o
 .debug_macro   0x0000c459       0x16 ./src/project_src/ADXL345_Lib.o
 .debug_macro   0x0000c46f       0x23 ./src/project_src/ADXL345_Lib.o
 .debug_macro   0x0000c492       0xae ./src/project_src/ADXL345_Lib.o
 .debug_macro   0x0000c540      0x1da ./src/project_src/ADXL345_Lib.o
 .debug_macro   0x0000c71a      0x110 ./src/project_src/IMU_algorithm.o
 .debug_macro   0x0000c82a      0x251 ./src/project_src/L3GD20_Lib_SPI.o
 .debug_macro   0x0000ca7b      0x112 ./src/project_src/L3GD20_Lib_SPI.o
 .debug_macro   0x0000cb8d      0x251 ./src/project_src/LSM303DLHC_Lib_I2C.o
 .debug_macro   0x0000cdde      0x3a9 ./src/project_src/LSM303DLHC_Lib_I2C.o
 .debug_macro   0x0000d187      0x114 ./src/project_src/MotorPWM.o
 .debug_macro   0x0000d29b       0x1b ./src/project_src/PID_control.o
 .debug_macro   0x0000d2b6       0x1b ./src/project_src/Vector_math.o
 .debug_macro   0x0000d2d1       0xac ./src/project_src/filter_Lib.o
 .debug_macro   0x0000d37d       0x1c ./src/project_src/filter_Lib.o
 .debug_macro   0x0000d399      0x242 ./src/project_src/helperFunctions.o
 .debug_macro   0x0000d5db      0x39c ./src/project_src/main.o
 .debug_macro   0x0000d977       0x10 ./src/project_src/main.o
 .debug_macro   0x0000d987       0x1c ./src/project_src/main.o
 .debug_macro   0x0000d9a3       0x16 ./src/project_src/main.o
 .debug_macro   0x0000d9b9       0x46 ./src/project_src/main.o
 .debug_macro   0x0000d9ff      0x114 ./src/project_src/main.o
 .debug_macro   0x0000db13       0xaa ./src/project_src/main.o
 .debug_macro   0x0000dbbd       0x12 ./src/project_src/main.o
 .debug_macro   0x0000dbcf       0x1f ./src/project_src/main.o
 .debug_macro   0x0000dbee      0x203 ./src/project_src/main.o
 .debug_macro   0x0000ddf1       0x5e ./src/project_src/main.o
 .debug_macro   0x0000de4f       0x57 ./src/project_src/main.o
 .debug_macro   0x0000dea6       0x9c ./src/project_src/main.o
 .debug_macro   0x0000df42       0x5b ./src/project_src/main.o
 .debug_macro   0x0000df9d       0x78 ./src/project_src/main.o
 .debug_macro   0x0000e015       0x49 ./src/project_src/main.o
 .debug_macro   0x0000e05e       0x58 ./src/project_src/main.o
 .debug_macro   0x0000e0b6       0x58 ./src/project_src/main.o
 .debug_macro   0x0000e10e      0x118 ./src/project_src/main.o
 .debug_macro   0x0000e226      0x3af ./src/project_src/main.o
 .debug_macro   0x0000e5d5      0x286 ./src/project_src/multicopter_settings.o
 .debug_macro   0x0000e85b      0x134 ./src/project_src/printf_stdarg.o
 .debug_macro   0x0000e98f       0x58 ./src/project_src/printf_stdarg.o
 .debug_macro   0x0000e9e7      0x13c ./src/project_src/remote_control.o
 .debug_macro   0x0000eb23      0x252 ./src/project_src/stm32_configuration.o
 .debug_macro   0x0000ed75      0x266 ./src/project_src/stm32f30x_it.o
 .debug_macro   0x0000efdb      0x10a ./src/project_src/usart.o
 .debug_macro   0x0000f0e5       0x11 ./src/project_src/xBee_Lib.o
 .debug_macro   0x0000f0f6      0x12c ./src/STM32F30x_StdPeriph_Driver/src/stm32f30x_adc.o
 .debug_macro   0x0000f222      0x22b ./src/STM32F30x_StdPeriph_Driver/src/stm32f30x_adc.o
 .debug_macro   0x0000f44d      0x168 ./src/STM32F30x_StdPeriph_Driver/src/stm32f30x_dma.o
 .debug_macro   0x0000f5b5      0x3a2 ./src/STM32F30x_StdPeriph_Driver/src/stm32f30x_dma.o
 .debug_macro   0x0000f957      0x11a ./src/STM32F30x_StdPeriph_Driver/src/stm32f30x_exti.o
 .debug_macro   0x0000fa71      0x10e ./src/STM32F30x_StdPeriph_Driver/src/stm32f30x_exti.o
 .debug_macro   0x0000fb7f      0x114 ./src/STM32F30x_StdPeriph_Driver/src/stm32f30x_gpio.o
 .debug_macro   0x0000fc93      0x1b0 ./src/STM32F30x_StdPeriph_Driver/src/stm32f30x_gpio.o
 .debug_macro   0x0000fe43      0x132 ./src/STM32F30x_StdPeriph_Driver/src/stm32f30x_i2c.o
 .debug_macro   0x0000ff75      0x294 ./src/STM32F30x_StdPeriph_Driver/src/stm32f30x_i2c.o
 .debug_macro   0x00010209      0x11a ./src/STM32F30x_StdPeriph_Driver/src/stm32f30x_misc.o
 .debug_macro   0x00010323       0x83 ./src/STM32F30x_StdPeriph_Driver/src/stm32f30x_misc.o
 .debug_macro   0x000103a6      0x1b1 ./src/STM32F30x_StdPeriph_Driver/src/stm32f30x_rcc.o
 .debug_macro   0x00010557      0x5c0 ./src/STM32F30x_StdPeriph_Driver/src/stm32f30x_rcc.o
 .debug_macro   0x00010b17      0x129 ./src/STM32F30x_StdPeriph_Driver/src/stm32f30x_spi.o
 .debug_macro   0x00010c40      0x3a5 ./src/STM32F30x_StdPeriph_Driver/src/stm32f30x_spi.o
 .debug_macro   0x00010fe5      0x144 ./src/STM32F30x_StdPeriph_Driver/src/stm32f30x_syscfg.o
 .debug_macro   0x00011129      0x1d9 ./src/STM32F30x_StdPeriph_Driver/src/stm32f30x_syscfg.o
 .debug_macro   0x00011302      0x13e ./src/STM32F30x_StdPeriph_Driver/src/stm32f30x_tim.o
 .debug_macro   0x00011440      0x8d2 ./src/STM32F30x_StdPeriph_Driver/src/stm32f30x_tim.o
 .debug_macro   0x00011d12      0x12c ./src/STM32F30x_StdPeriph_Driver/src/stm32f30x_usart.o
 .debug_macro   0x00011e3e      0x35e ./src/STM32F30x_StdPeriph_Driver/src/stm32f30x_usart.o
 .debug_macro   0x0001219c      0x145 ./src/FreeRTOS/Source/portable/MemMang/heap_1.o
 .debug_macro   0x000122e1      0x100 ./src/FreeRTOS/Source/portable/MemMang/heap_1.o
 .debug_macro   0x000123e1       0x29 ./src/FreeRTOS/Source/portable/MemMang/heap_1.o
 .debug_macro   0x0001240a       0x85 ./src/FreeRTOS/Source/portable/MemMang/heap_1.o
 .debug_macro   0x0001248f      0x114 ./src/FreeRTOS/Source/portable/MemMang/heap_1.o
 .debug_macro   0x000125a3       0xdc ./src/FreeRTOS/Source/portable/GCC/ARM_CM4F/port.o
 .debug_macro   0x0001267f      0x16c ./src/FreeRTOS/Source/portable/GCC/ARM_CM4F/port.o
 .debug_macro   0x000127eb       0x91 ./src/FreeRTOS/Source/croutine.o
 .debug_macro   0x0001287c      0x124 ./src/FreeRTOS/Source/list.o
 .debug_macro   0x000129a0      0x1af ./src/FreeRTOS/Source/queue.o
 .debug_macro   0x00012b4f       0x12 ./src/FreeRTOS/Source/queue.o
 .debug_macro   0x00012b61      0x220 ./src/FreeRTOS/Source/tasks.o
 .debug_macro   0x00012d81       0x17 ./src/FreeRTOS/Source/tasks.o
 .debug_macro   0x00012d98       0xaa ./src/FreeRTOS/Source/timers.o
 .debug_macro   0x00012e42      0x110 ./src/CMSIS/Device/ST/STM32F30x/Source/Templates/system_stm32f30x.o

.debug_line     0x00000000     0xcc42
 .debug_line    0x00000000      0x717 ./src/project_src/ADXL345_Lib.o
 .debug_line    0x00000717      0x4d0 ./src/project_src/IMU_algorithm.o
 .debug_line    0x00000be7      0x7a0 ./src/project_src/L3GD20_Lib_SPI.o
 .debug_line    0x00001387      0x81e ./src/project_src/LSM303DLHC_Lib_I2C.o
 .debug_line    0x00001ba5      0x48e ./src/project_src/MotorPWM.o
 .debug_line    0x00002033      0x126 ./src/project_src/PID_control.o
 .debug_line    0x00002159      0x149 ./src/project_src/Vector_math.o
 .debug_line    0x000022a2      0x47b ./src/project_src/filter_Lib.o
 .debug_line    0x0000271d      0x6f3 ./src/project_src/helperFunctions.o
 .debug_line    0x00002e10      0xc4b ./src/project_src/main.o
 .debug_line    0x00003a5b      0x7ae ./src/project_src/multicopter_settings.o
 .debug_line    0x00004209      0x59b ./src/project_src/printf_stdarg.o
 .debug_line    0x000047a4      0x53d ./src/project_src/remote_control.o
 .debug_line    0x00004ce1      0x91e ./src/project_src/stm32_configuration.o
 .debug_line    0x000055ff      0x792 ./src/project_src/stm32f30x_it.o
 .debug_line    0x00005d91      0x480 ./src/project_src/usart.o
 .debug_line    0x00006211       0x87 ./src/project_src/xBee_Lib.o
 .debug_line    0x00006298      0x6fc ./src/STM32F30x_StdPeriph_Driver/src/stm32f30x_adc.o
 .debug_line    0x00006994      0x507 ./src/STM32F30x_StdPeriph_Driver/src/stm32f30x_dma.o
 .debug_line    0x00006e9b      0x4df ./src/STM32F30x_StdPeriph_Driver/src/stm32f30x_exti.o
 .debug_line    0x0000737a      0x503 ./src/STM32F30x_StdPeriph_Driver/src/stm32f30x_gpio.o
 .debug_line    0x0000787d      0x5e2 ./src/STM32F30x_StdPeriph_Driver/src/stm32f30x_i2c.o
 .debug_line    0x00007e5f      0x4b3 ./src/STM32F30x_StdPeriph_Driver/src/stm32f30x_misc.o
 .debug_line    0x00008312      0x605 ./src/STM32F30x_StdPeriph_Driver/src/stm32f30x_rcc.o
 .debug_line    0x00008917      0x618 ./src/STM32F30x_StdPeriph_Driver/src/stm32f30x_spi.o
 .debug_line    0x00008f2f      0x4db ./src/STM32F30x_StdPeriph_Driver/src/stm32f30x_syscfg.o
 .debug_line    0x0000940a      0x959 ./src/STM32F30x_StdPeriph_Driver/src/stm32f30x_tim.o
 .debug_line    0x00009d63      0x659 ./src/STM32F30x_StdPeriph_Driver/src/stm32f30x_usart.o
 .debug_line    0x0000a3bc      0x4d3 ./src/FreeRTOS/Source/portable/MemMang/heap_1.o
 .debug_line    0x0000a88f      0x282 ./src/FreeRTOS/Source/portable/GCC/ARM_CM4F/port.o
 .debug_line    0x0000ab11      0x32c ./src/FreeRTOS/Source/croutine.o
 .debug_line    0x0000ae3d      0x4c7 ./src/FreeRTOS/Source/list.o
 .debug_line    0x0000b304      0x761 ./src/FreeRTOS/Source/queue.o
 .debug_line    0x0000ba65      0x8a5 ./src/FreeRTOS/Source/tasks.o
 .debug_line    0x0000c30a      0x381 ./src/FreeRTOS/Source/timers.o
 .debug_line    0x0000c68b       0xe4 ./src/CMSIS/Device/ST/STM32F30x/Source/Templates/gcc_ride7/startup_stm32f30x.o
 .debug_line    0x0000c76f      0x4d3 ./src/CMSIS/Device/ST/STM32F30x/Source/Templates/system_stm32f30x.o

.debug_str      0x00000000    0x5d022
 .debug_str     0x00000000    0x4f38f ./src/project_src/ADXL345_Lib.o
                              0x4f57e (size before relaxing)
 .debug_str     0x0004f38f      0x252 ./src/project_src/IMU_algorithm.o
                               0x57a8 (size before relaxing)
 .debug_str     0x0004f5e1      0x833 ./src/project_src/L3GD20_Lib_SPI.o
                              0x4fa65 (size before relaxing)
 .debug_str     0x0004fe14     0x1452 ./src/project_src/LSM303DLHC_Lib_I2C.o
                              0x506de (size before relaxing)
 .debug_str     0x00051266      0x129 ./src/project_src/MotorPWM.o
                              0x4bb9f (size before relaxing)
 .debug_str     0x0005138f       0xe1 ./src/project_src/PID_control.o
                               0x2318 (size before relaxing)
 .debug_str     0x00051470       0xa7 ./src/project_src/Vector_math.o
                               0x232b (size before relaxing)